05-07 18:14:49.166 27727  5657 D CCodec  :   int32_t max-width = 8192
05-07 18:14:49.166 27727  5657 D CCodec  :   string mime = "video/raw"
05-07 18:14:49.166 27727  5657 D CCodec  :   int32_t priority = 0
05-07 18:14:49.166 27727  5657 D CCodec  :   int32_t color-format = 21
05-07 18:14:49.166 27727  5657 D CCodec  : }
05-07 18:14:49.166 27727  5657 I CCodecConfig: query failed after returning 18 values (BAD_INDEX)
05-07 18:14:49.174 27727  5657 W Codec2Client: query -- param skipped: index = 1342179345.
05-07 18:14:49.174 27727  5657 W Codec2Client: query -- param skipped: index = 2415921170.
05-07 18:14:49.174 27727  5657 W Codec2Client: query -- param skipped: index = 1610614798.
05-07 18:14:49.175 27727  5657 D CCodecBufferChannel: [c2.qti.hevc.decoder#856] Query input allocators returned 0 params => BAD_INDEX (6)
05-07 18:14:49.175 27727  5657 D CCodecBufferChannel: [c2.qti.hevc.decoder#856] Created input block pool with allocatorID 16 => poolID 19 - OK (0)
05-07 18:14:49.175 27727  5657 D CCodecBufferChannel: [c2.qti.hevc.decoder#856] Query output allocators returned 0 params => BAD_INDEX (6)
05-07 18:14:49.176 27727  5657 D CCodecBufferChannel: [c2.qti.hevc.decoder#856] Configured output block pool ids 1 => OK
05-07 18:14:49.176 27727  5657 D CCodecBufferChannel: [c2.qti.hevc.decoder#856] start: updating output delay 9
05-07 18:14:49.208 27727  5656 I MiMediaCodec: send fps to display with mFpsFromPlayer:30.000000 state:1 id:2
05-07 18:14:49.210 27727  5657 D CCodecConfig: c2 config diff is   c2::u32 output.delay.value = 10
05-07 18:14:49.211 27727  5657 W ColorUtils: expected specified color aspects (0:0:255:255)
05-07 18:14:49.211 27727  5657 D CCodecBufferChannel: [c2.qti.hevc.decoder#856] onWorkDone: updating output delay 10
05-07 18:14:49.211 27727  5657 D Codec2-OutputBufferQueue: set max dequeue count 17 from update
05-07 18:14:49.230 27727  5657 D CCodecConfig: c2 config diff is   c2::u32 output.delay.value = 13
05-07 18:14:49.231 27727  5657 W ColorUtils: expected specified color aspects (0:0:255:255)
05-07 18:14:49.231 27727  5657 D CCodecBufferChannel: [c2.qti.hevc.decoder#856] onWorkDone: updating output delay 13
05-07 18:14:49.231 27727  5657 D Codec2-OutputBufferQueue: set max dequeue count 20 from update
05-07 18:14:49.246 27727  5657 D CCodecConfig: c2 config diff is   c2::u32 raw.color.matrix = 1
05-07 18:14:49.246 27727  5657 D CCodecConfig:   c2::u32 raw.color.primaries = 1
05-07 18:14:49.246 27727  5657 D CCodecConfig:   c2::u32 raw.color.range = 2
05-07 18:14:49.246 27727  5657 D CCodecConfig:   c2::u32 raw.color.transfer = 3
05-07 18:14:49.246 27727  5657 D CCodecConfig:   c2::u32 raw.crop.height = 720
05-07 18:14:49.246 27727  5657 D CCodecConfig:   c2::u32 raw.crop.left = 0
05-07 18:14:49.246 27727  5657 D CCodecConfig:   c2::u32 raw.crop.top = 0
05-07 18:14:49.246 27727  5657 D CCodecConfig:   c2::u32 raw.crop.width = 1560
05-07 18:14:49.247 27727  5657 D CCodecBuffers: [c2.qti.hevc.decoder#856:2D-BB-Output] popFromStashAndRegister: at 0us, output format changed to AMessage(what = 0x00000000) = {
05-07 18:14:49.247 27727  5657 D CCodecBuffers:   int32_t android._color-format = 2135033992
05-07 18:14:49.247 27727  5657 D CCodecBuffers:   int32_t android._video-scaling = 1
05-07 18:14:49.247 27727  5657 D CCodecBuffers:   int32_t android._dataspace = 260
05-07 18:14:49.247 27727  5657 D CCodecBuffers:   int32_t color-standard = 1
05-07 18:14:49.247 27727  5657 D CCodecBuffers:   int32_t color-range = 2
05-07 18:14:49.247 27727  5657 D CCodecBuffers:   int32_t color-transfer = 3
05-07 18:14:49.247 27727  5657 D CCodecBuffers:   int32_t sar-height = 1
05-07 18:14:49.247 27727  5657 D CCodecBuffers:   int32_t rotation-degrees = 0
05-07 18:14:49.247 27727  5657 D CCodecBuffers:   Buffer hdr-static-info = {
05-07 18:14:49.247 27727  5657 D CCodecBuffers:     00000000:  00 00 00 00 00 00 00 00  00 00 00 00 00 00 00 00  ................
05-07 18:14:49.247 27727  5657 D CCodecBuffers:     00000010:  00 00 00 00 00 00 00 00  00                       .........
05-07 18:14:49.247 27727  5657 D CCodecBuffers:   }
05-07 18:14:49.247 27727  5657 D CCodecBuffers:   int32_t sar-width = 1
05-07 18:14:49.247 27727  5657 D CCodecBuffers:   Rect crop(0, 0, 1559, 719)
05-07 18:14:49.247 27727  5657 D CCodecBuffers:   int32_t width = 1560
05-07 18:14:49.247 27727  5657 D CCodecBuffers:   int32_t feature-secure-playback = 0
05-07 18:14:49.247 27727  5657 D CCodecBuffers:   int32_t frame-rate = 30
05-07 18:14:49.247 27727  5657 D CCodecBuffers:   Buffer hdr10-plus-info = {
05-07 18:14:49.247 27727  5657 D CCodecBuffers:   }
05-07 18:14:49.247 27727  5657 D CCodecBuffers:   int32_t height = 720
05-07 18:14:49.247 27727  5657 D CCodecBuffers:   int32_t max-height = 4320
05-07 18:14:49.247 27727  5657 D CCodecBuffers:   int32_t max-width = 8192
05-07 18:14:49.247 27727  5657 D CCodecBuffers:   string mime = "video/raw"
05-07 18:14:49.247 27727  5657 D CCodecBuffers:   int32_t priority = 0
05-07 18:14:49.247 27727  5657 D CCodecBuffers:   int32_t color-format = 21
05-07 18:14:49.247 27727  5657 D CCodecBuffers: }
05-07 18:14:49.261 27727  5657 D CCodecBuffers: [c2.qti.hevc.decoder#856:2D-BB-Output] updating image-data
05-07 18:14:49.261 27727  5657 D CCodecBuffers: [c2.qti.hevc.decoder#856:2D-BB-Output] updating stride = 1560, width: 1560, height: 720
05-07 18:14:49.261 27727  5657 D CCodecBuffers: [c2.qti.hevc.decoder#856:2D-BB-Output] updating vstride = 720
05-07 18:14:49.385 27727  5657 D CCodecBuffers: [c2.qti.hevc.decoder#856:Output[N]] updating image-data
05-07 18:14:49.385 27727  5657 D CCodecBuffers: [c2.qti.hevc.decoder#856:Output[N]] updating stride = 1560, width: 1560, height: 720
05-07 18:14:49.385 27727  5657 D CCodecBuffers: [c2.qti.hevc.decoder#856:Output[N]] updating vstride = 720
05-07 18:14:49.390 27727  5364 I MiMediaCodec: send fps to display when stop, state:0 mLastSendedFps:30.000000 id:2
05-07 18:14:49.391 27727  5656 D CCodecBufferChannel: [c2.qti.hevc.decoder#856] MediaCodec discarded an unknown buffer
05-07 18:14:49.391 27727  5656 D CCodecBufferChannel: [c2.qti.hevc.decoder#856] MediaCodec discarded an unknown buffer
05-07 18:14:49.392 27727  5656 D CCodecBufferChannel: [c2.qti.hevc.decoder#856] MediaCodec discarded an unknown buffer
05-07 18:14:49.392 27727  5656 D CCodecBufferChannel: [c2.qti.hevc.decoder#856] MediaCodec discarded an unknown buffer
05-07 18:14:49.392 27727  5656 D CCodecBufferChannel: [c2.qti.hevc.decoder#856] MediaCodec discarded an unknown buffer
05-07 18:14:49.393 27727  5656 D CCodecBufferChannel: [c2.qti.hevc.decoder#856] MediaCodec discarded an unknown buffer
05-07 18:14:49.393 27727  5656 D CCodecBufferChannel: [c2.qti.hevc.decoder#856] MediaCodec discarded an unknown buffer
05-07 18:14:49.393 27727  5656 D CCodecBufferChannel: [c2.qti.hevc.decoder#856] MediaCodec discarded an unknown buffer
05-07 18:14:49.393 27727  5656 D CCodecBufferChannel: [c2.qti.hevc.decoder#856] MediaCodec discarded an unknown buffer
05-07 18:14:49.405 27727  5666 I hw-BpHwBinder: onLastStrongRef automatically unlinking death recipients
05-07 18:14:49.406 27727  5656 I MediaCodec: MediaStub sendHdrInfo/sendFrameRateFloatCal/updateFrcAieAisState
05-07 18:14:49.406 27727  5656 D MediaImpl: FRC switch off: valueSupport : true, valueOn : false
05-07 18:14:49.406 27727  5656 D MediaImpl: AIE switch off: valueSupport : true, valueOn : false
05-07 18:14:49.406 27727  5656 D MediaImpl: AIS switch off: valueSupport : true, valueOn : false
05-07 18:14:49.406 27727  5656 I MediaCodec: MediaStub sendVideoPlayData
05-07 18:14:49.406 27727  5656 D MediaImpl: sendVideoPlayData, start
05-07 18:14:49.406 27727  5656 D MediaImpl: MediaImpl::sendVideoPlayData::mediacodec_mime : video/hevc
05-07 18:14:49.406 27727  5656 D MediaImpl: MediaImpl::sendVideoPlayData::mediacodec_packgeName : com.YostarJP.BlueArchive
05-07 18:14:49.406 27727  5656 D MediaImpl: MediaImpl::sendVideoPlayData::mine : video/hevc
05-07 18:14:49.406 27727  5656 D MediaImpl: MediaImpl::sendVideoPlayData::packgeName : com.YostarJP.BlueArchive
05-07 18:14:49.406 27727  5656 E send_data_to_xlog: send_video_play_to_xlog, start
05-07 18:14:49.406 27727  5656 D send_data_to_xlog: send_video_play_to_xlog::mine : video/hevc
05-07 18:14:49.406 27727  5656 D send_data_to_xlog: send_video_play_to_xlog::packgeName : com.YostarJP.BlueArchive
05-07 18:14:49.406 27727  5656 V xlog_client:  xlog_send  msg_id: 13
05-07 18:14:49.406 27727  5656 V xlog_client:  xlog_send 
05-07 18:14:49.406 27727  5656 E xlog_client: xlog_open: Error in open xlog
05-07 18:14:49.406 27727  5656 E xlog_client: xlog open fail
05-07 18:14:49.408 27727  5656 D MediaCodec: flushMediametrics
05-07 18:14:49.409 27727  5656 D VideoInfo: com.YostarJP.BlueArchive destroy c2.qti.hevc.decoder in MediaCodec, input num 10 output num 2 render num 0
05-07 18:14:49.409 27727  5656 D VideoInfo: max input intervel 99ms max output intervel 97ms max render interval 0ms
05-07 18:14:49.423 27727  5364 D MediaCodecList: codecHandlesFormat: no format, so no extra checks
05-07 18:14:49.423 27727  5364 D MediaCodecList: codecHandlesFormat: no format, so no extra checks
05-07 18:14:49.423 27727  5364 D MediaCodecList: codecHandlesFormat: no format, so no extra checks
05-07 18:14:49.426 27727  5364 I MediaCodec: init video box disabled for codec not supported
05-07 18:14:49.430 27727  5668 D CCodec  : allocate(c2.qti.hevc.decoder)
05-07 18:14:49.434 27727  5668 I CCodec  : setting up 'default' as default (vendor) store
05-07 18:14:49.437 27727  5668 I CCodec  : Created component [c2.qti.hevc.decoder]
05-07 18:14:49.438 27727  5668 D CCodecConfig: read media type: video/hevc
05-07 18:14:49.439 27727  5668 D ReflectedParamUpdater: extent() != 1 for single value type: vendor.qti-ext-dec-info-misr.misr_info_top_field.misr_dpb_luma
05-07 18:14:49.439 27727  5668 D ReflectedParamUpdater: extent() != 1 for single value type: vendor.qti-ext-dec-info-misr.misr_info_top_field.misr_dpb_chroma
05-07 18:14:49.440 27727  5668 D ReflectedParamUpdater: extent() != 1 for single value type: vendor.qti-ext-dec-info-misr.misr_info_top_field.misr_opb_luma
05-07 18:14:49.440 27727  5668 D ReflectedParamUpdater: extent() != 1 for single value type: vendor.qti-ext-dec-info-misr.misr_info_top_field.misr_opb_chroma
05-07 18:14:49.440 27727  5668 D ReflectedParamUpdater: extent() != 1 for single value type: vendor.qti-ext-dec-info-misr.misr_info_bottom_field.misr_dpb_luma
05-07 18:14:49.440 27727  5668 D ReflectedParamUpdater: extent() != 1 for single value type: vendor.qti-ext-dec-info-misr.misr_info_bottom_field.misr_dpb_chroma
05-07 18:14:49.440 27727  5668 D ReflectedParamUpdater: extent() != 1 for single value type: vendor.qti-ext-dec-info-misr.misr_info_bottom_field.misr_opb_luma
05-07 18:14:49.440 27727  5668 D ReflectedParamUpdater: extent() != 1 for single value type: vendor.qti-ext-dec-info-misr.misr_info_bottom_field.misr_opb_chroma
05-07 18:14:49.442 27727  5668 D ReflectedParamUpdater: ignored struct field vendor.qti-ext-dec-panscan.window
05-07 18:14:49.447 27727  5668 D ReflectedParamUpdater: extent() != 1 for single value type: output.buffers.pool-ids.values
05-07 18:14:49.449 27727  5668 D CCodecConfig: ignoring local param raw.size (0xd2001800) as it is already supported
05-07 18:14:49.449 27727  5668 D CCodecConfig: ignoring local param default.color (0x5200180b) as it is already supported
05-07 18:14:49.449 27727  5668 D CCodecConfig: ignoring local param raw.hdr-static-info (0xd200180a) as it is already supported
05-07 18:14:49.450 27727  5668 I CCodecConfig: query failed after returning 18 values (BAD_INDEX)
05-07 18:14:49.450 27727  5668 D CCodecConfig: c2 config diff is Dict {
05-07 18:14:49.450 27727  5668 D CCodecConfig:   c2::i32 algo.priority.value = 0
05-07 18:14:49.450 27727  5668 D CCodecConfig:   c2::float algo.rate.value = 30
05-07 18:14:49.450 27727  5668 D CCodecConfig:   c2::u32 algo.secure-mode.value = 0
05-07 18:14:49.450 27727  5668 D CCodecConfig:   c2::float coded.frame-rate.value = 30
05-07 18:14:49.450 27727  5668 D CCodecConfig:   c2::u32 coded.pl.level = 0
05-07 18:14:49.450 27727  5668 D CCodecConfig:   c2::u32 coded.pl.profile = 24576
05-07 18:14:49.450 27727  5668 D CCodecConfig:   c2::u32 coded.vui.color.matrix = 255
05-07 18:14:49.450 27727  5668 D CCodecConfig:   c2::u32 coded.vui.color.primaries = 0
05-07 18:14:49.450 27727  5668 D CCodecConfig:   c2::u32 coded.vui.color.range = 0
05-07 18:14:49.450 27727  5668 D CCodecConfig:   c2::u32 coded.vui.color.transfer = 255
05-07 18:14:49.450 27727  5668 D CCodecConfig:   c2::u32 default.color.matrix = 0
05-07 18:14:49.450 27727  5668 D CCodecConfig:   c2::u32 default.color.primaries = 0
05-07 18:14:49.450 27727  5668 D CCodecConfig:   c2::u32 default.color.range = 0
05-07 18:14:49.450 27727  5668 D CCodecConfig:   c2::u32 default.color.transfer = 0
05-07 18:14:49.450 27727  5668 D CCodecConfig:   c2::u32 input.buffers.max-size.value = 8847360
05-07 18:14:49.450 27727  5668 D CCodecConfig:   c2::u32 input.delay.value = 0
05-07 18:14:49.450 27727  5668 D CCodecConfig:   string input.media-type.value = "video/hevc"
05-07 18:14:49.450 27727  5668 D CCodecConfig:   c2::u32 output.delay.value = 9
05-07 18:14:49.450 27727  5668 D CCodecConfig:   Buffer output.hdr10-plus-info.value = {
05-07 18:14:49.450 27727  5668 D CCodecConfig:   }
05-07 18:14:49.450 27727  5668 D CCodecConfig:   string output.media-type.value = "video/raw"
05-07 18:14:49.450 27727  5668 D CCodecConfig:   c2::u32 raw.color.matrix = 255
05-07 18:14:49.450 27727  5668 D CCodecConfig:   c2::u32 raw.color.primaries = 0
05-07 18:14:49.450 27727  5668 D CCodecConfig:   c2::u32 raw.color.range = 0
05-07 18:14:49.450 27727  5668 D CCodecConfig:   c2::u32 raw.color.transfer = 255
05-07 18:14:49.450 27727  5668 D CCodecConfig:   c2::float raw.hdr-static-info.mastering.blue.x = 0
05-07 18:14:49.450 27727  5668 D CCodecConfig:   c2::float raw.hdr-static-info.mastering.blue.y = 
05-07 18:14:49.451 27727  5668 W ColorUtils: expected specified color aspects (0:0:255:255)
05-07 18:14:49.453 27727  5364 D VideoInfo: com.YostarJP.BlueArchive create c2.qti.hevc.decoder in MediaCodec
05-07 18:14:49.453 27727  5364 I MediaCodec: fps video to display enabled
05-07 18:14:49.453 27727  5364 I MiMediaCodecStub: MiMediaCodecStub::MiMediaCodecStub
05-07 18:14:49.455 27727  5364 I MediaCodec: The Fps from player is 30.000000  frameRateFloat 30.000000 frameRateInt 30
05-07 18:14:49.455 27727  5364 I MediaCodec: MediaStub sendFrameRate
05-07 18:14:49.455 27727  5364 D MediaImpl: MediaImpl::sendFrameRate: 30
05-07 18:14:49.455 27727  5364 I MediaCodec: MediaStub sendMine
05-07 18:14:49.455 27727  5364 D MediaImpl: MediaImpl::sendMine: video/hevc
05-07 18:14:49.455 27727  5364 D MediaStub: MediaStub::sendMine video/hevc
05-07 18:14:49.455 27727  5364 D MediaCodec: currery video type video/hevc
05-07 18:14:49.455 27727  5364 I MediaCodec: MediaStub sendDolbyVision
05-07 18:14:49.455 27727  5364 I MediaCodec: MediaStub sendPackageName
05-07 18:14:49.455 27727  5364 D MediaImpl: MediaImpl::sendPackageName: com.YostarJP.BlueArchive
05-07 18:14:49.455 27727  5364 D MediaStub: MediaStub::sendPackageName com.YostarJP.BlueArchive
05-07 18:14:49.455 27727  5364 I MediaCodec: MediaStub sendWidth/sendHeight
05-07 18:14:49.455 27727  5364 I MediaCodec: configure : init video box disabled
05-07 18:14:49.456 27727  5667 D MediaCodec: flushMediametrics
05-07 18:14:49.456 27727  5668 D CCodec  : [c2.qti.hevc.decoder] buffers are bound to CCodec for this session
05-07 18:14:49.456 27727  5668 D CCodec  : Client requested ByteBuffer mode decoder w/o color format set: using default semi-planar color format
05-07 18:14:49.456 27727  5668 D CCodecConfig: no c2 equivalents for durationUs
05-07 18:14:49.456 27727  5668 D CCodecConfig: no c2 equivalents for frame-count
05-07 18:14:49.456 27727  5668 D CCodecConfig: no c2 equivalents for track-id
05-07 18:14:49.456 27727  5668 D CCodecConfig: no c2 equivalents for language
05-07 18:14:49.456 27727  5668 D CCodecConfig: no c2 equivalents for display-width
05-07 18:14:49.456 27727  5668 D CCodecConfig: no c2 equivalents for display-height
05-07 18:14:49.456 27727  5668 D CCodecConfig: no c2 equivalents for android._is-hdr
05-07 18:14:49.456 27727  5668 D CCodecConfig: no c2 equivalents for color-standard
05-07 18:14:49.456 27727  5668 D CCodecConfig: no c2 equivalents for file-format
05-07 18:14:49.456 27727  5668 D CCodecConfig: no c2 equivalents for flags
05-07 18:14:49.457 27727  5668 D CCodecConfig: c2 config diff is   c2::u32 coded.pl.level = 24581
05-07 18:14:49.457 27727  5668 D CCodecConfig:   c2::u32 default.color.matrix = 1
05-07 18:14:49.457 27727  5668 D CCodecConfig:   c2::u32 default.color.primaries = 1
05-07 18:14:49.457 27727  5668 D CCodecConfig:   c2::u32 default.color.range = 2
05-07 18:14:49.457 27727  5668 D CCodecConfig:   c2::u32 default.color.transfer = 3
05-07 18:14:49.457 27727  5668 D CCodecConfig:   c2::u32 raw.pixel-format.value = 35
05-07 18:14:49.457 27727  5668 D CCodecConfig:   c2::u32 raw.size.height = 720
05-07 18:14:49.457 27727  5668 D CCodecConfig:   c2::u32 raw.size.width = 1560
05-07 18:14:49.458 27727  5668 W ColorUtils: expected specified color aspects (0:0:255:255)
05-07 18:14:49.458 27727  5668 W Codec2Client: query -- param skipped: index = 1107298332.
05-07 18:14:49.458 27727  5668 D CCodec  : client requested max input size 842400, which is smaller than what component recommended (8847360); overriding with component recommendation.
05-07 18:14:49.458 27727  5668 W CCodec  : This behavior is subject to change. It is recommended that app developers double check whether the requested max input size is in reasonable range.
05-07 18:14:49.458 27727  5668 D CCodec  : encoding statistics level = 0
05-07 18:14:49.459 27727  5668 D CCodec  : setup formats input: AMessage(what = 0x00000000) = {
05-07 18:14:49.459 27727  5668 D CCodec  :   int32_t feature-secure-playback = 0
05-07 18:14:49.459 27727  5668 D CCodec  :   int32_t frame-rate = 30
05-07 18:14:49.459 27727  5668 D CCodec  :   int32_t height = 720
05-07 18:14:49.459 27727  5668 D CCodec  :   int32_t max-input-size = 8847360
05-07 18:14:49.459 27727  5668 D CCodec  :   string mime = "video/hevc"
05-07 18:14:49.459 27727  5668 D CCodec  :   int32_t priority = 0
05-07 18:14:49.459 27727  5668 D CCodec  :   int32_t profile = 1
05-07 18:14:49.459 27727  5668 D CCodec  :   int32_t width = 1560
05-07 18:14:49.459 27727  5668 D CCodec  :   Rect crop(0, 0, 1559, 719)
05-07 18:14:49.459 27727  5668 D CCodec  :   int32_t level = 1024
05-07 18:14:49.459 27727  5668 D CCodec  : }
05-07 18:14:49.459 27727  5668 D CCodec  : setup formats output: AMessage(what = 0x00000000) = {
05-07 18:14:49.459 27727  5668 D CCodec  :   int32_t android._color-format = 2135033992
05-07 18:14:49.459 27727  5668 D CCodec  :   int32_t android._video-scaling = 1
05-07 18:14:49.459 27727  5668 D CCodec  :   int32_t android._dataspace = 12648448
05-07 18:14:49.459 27727  5668 D CCodec  :   int32_t color-standard = 130816
05-07 18:14:49.459 27727  5668 D CCodec  :   int32_t color-range = 0
05-07 18:14:49.459 27727  5668 D CCodec  :   int32_t color-transfer = 65791
05-07 18:14:49.459 27727  5668 D CCodec  :   int32_t sar-height = 1
05-07 18:14:49.459 27727  5668 D CCodec  :   int32_t rotation-degrees = 0
05-07 18:14:49.459 27727  5668 D CCodec  :   Buffer hdr-static-info = {
05-07 18:14:49.459 27727  5668 D CCodec  :     00000000:  00 00 00 00 00 00 00 00  00 00 00 00 00 00 00 00  ................
05-07 18:14:49.459 27727  5668 D CCodec  :     00000010:  00 00 00 00 00 00 00 00  00                       .........
05-07 18:14:49.459 27727  5668 D CCodec  :   }
05-07 18:14:49.459 27727  5668 D CCodec  :   int32_t sar-width = 1
05-07 18:14:49.459 27727  5668 D CCodec  :   Rect crop(0, 0, 1559, 719)
05-07 18:14:49.459 27727  5668 D CCodec  :   int32_t width = 1560
05-07 18:14:49.459 27727  5668 D CCodec  :   int32_t feature-secure-playback = 0
05-07 18:14:49.459 27727  5668 D CCodec  :   int32_t frame-rate = 30
05-07 18:14:49.459 27727  5668 D CCodec  :   Buffer hdr10-plus-info = {
05-07 18:14:49.459 27727  5668 D CCodec  :   }
05-07 18:14:49.459 27727  5668 D CCodec  :   int32_t height = 720
05-07 18:14:49.459 27727  5668 D CCodec  :   int32_t max-height = 4320
05-07 18:14:49.459 27727  5668 D CCodec  :   int32_t max-width = 8192
05-07 18:14:49.459 27727  5668 D CCodec  :   string mime = "video/raw"
05-07 18:14:49.459 27727  5668 D CCodec  :   int32_t priority = 0
05-07 18:14:49.459 27727  5668 D CCodec  :   int32_t color-format = 21
05-07 18:14:49.459 27727  5668 D CCodec  : }
05-07 18:14:49.459 27727  5668 I CCodecConfig: query failed after returning 18 values (BAD_INDEX)
05-07 18:14:49.466 27727  5668 W Codec2Client: query -- param skipped: index = 1342179345.
05-07 18:14:49.466 27727  5668 W Codec2Client: query -- param skipped: index = 2415921170.
05-07 18:14:49.466 27727  5668 W Codec2Client: query -- param skipped: index = 1610614798.
05-07 18:14:49.466 27727  5668 D CCodecBufferChannel: [c2.qti.hevc.decoder#92] Query input allocators returned 0 params => BAD_INDEX (6)
05-07 18:14:49.467 27727  5668 D CCodecBufferChannel: [c2.qti.hevc.decoder#92] Created input block pool with allocatorID 16 => poolID 20 - OK (0)
05-07 18:14:49.467 27727  5668 D CCodecBufferChannel: [c2.qti.hevc.decoder#92] Query output allocators returned 0 params => BAD_INDEX (6)
05-07 18:14:49.467 27727  5668 D CCodecBufferChannel: [c2.qti.hevc.decoder#92] Configured output block pool ids 1 => OK
05-07 18:14:49.467 27727  5668 D CCodecBufferChannel: [c2.qti.hevc.decoder#92] start: updating output delay 9
05-07 18:14:49.482 27727  5667 I MiMediaCodec: send fps to display with mFpsFromPlayer:30.000000 state:1 id:3
05-07 18:14:49.484 27727  5668 D CCodecConfig: c2 config diff is   c2::u32 output.delay.value = 10
05-07 18:14:49.484 27727  5668 W ColorUtils: expected specified color aspects (0:0:255:255)
05-07 18:14:49.485 27727  5668 D CCodecBufferChannel: [c2.qti.hevc.decoder#92] onWorkDone: updating output delay 10
05-07 18:14:49.485 27727  5668 D Codec2-OutputBufferQueue: set max dequeue count 17 from update
05-07 18:14:49.487 27727  5473 D CCodecBufferChannel: [c2.qti.hevc.decoder#92] Ignoring stale input buffer done callback: last flush index = 0, frameIndex = 0
05-07 18:14:49.495 27727  5668 D CCodecConfig: c2 config diff is   c2::u32 output.delay.value = 13
05-07 18:14:49.495 27727  5668 W ColorUtils: expected specified color aspects (0:0:255:255)
05-07 18:14:49.496 27727  5668 D CCodecBufferChannel: [c2.qti.hevc.decoder#92] onWorkDone: updating output delay 13
05-07 18:14:49.496 27727  5668 D Codec2-OutputBufferQueue: set max dequeue count 20 from update
05-07 18:14:49.508 27727  5668 D CCodecConfig: c2 config diff is   c2::u32 raw.color.matrix = 1
05-07 18:14:49.508 27727  5668 D CCodecConfig:   c2::u32 raw.color.primaries = 1
05-07 18:14:49.508 27727  5668 D CCodecConfig:   c2::u32 raw.color.range = 2
05-07 18:14:49.508 27727  5668 D CCodecConfig:   c2::u32 raw.color.transfer = 3
05-07 18:14:49.508 27727  5668 D CCodecConfig:   c2::u32 raw.crop.height = 720
05-07 18:14:49.508 27727  5668 D CCodecConfig:   c2::u32 raw.crop.left = 0
05-07 18:14:49.508 27727  5668 D CCodecConfig:   c2::u32 raw.crop.top = 0
05-07 18:14:49.508 27727  5668 D CCodecConfig:   c2::u32 raw.crop.width = 1560
05-07 18:14:49.509 27727  5668 D CCodecBuffers: [c2.qti.hevc.decoder#92:2D-BB-Output] popFromStashAndRegister: at 0us, output format changed to AMessage(what = 0x00000000) = {
05-07 18:14:49.509 27727  5668 D CCodecBuffers:   int32_t android._color-format = 2135033992
05-07 18:14:49.509 27727  5668 D CCodecBuffers:   int32_t android._video-scaling = 1
05-07 18:14:49.509 27727  5668 D CCodecBuffers:   int32_t android._dataspace = 260
05-07 18:14:49.509 27727  5668 D CCodecBuffers:   int32_t color-standard = 1
05-07 18:14:49.509 27727  5668 D CCodecBuffers:   int32_t color-range = 2
05-07 18:14:49.509 27727  5668 D CCodecBuffers:   int32_t color-transfer = 3
05-07 18:14:49.509 27727  5668 D CCodecBuffers:   int32_t sar-height = 1
05-07 18:14:49.509 27727  5668 D CCodecBuffers:   int32_t rotation-degrees = 0
05-07 18:14:49.509 27727  5668 D CCodecBuffers:   Buffer hdr-static-info = {
05-07 18:14:49.509 27727  5668 D CCodecBuffers:     00000000:  00 00 00 00 00 00 00 00  00 00 00 00 00 00 00 00  ................
05-07 18:14:49.509 27727  5668 D CCodecBuffers:     00000010:  00 00 00 00 00 00 00 00  00                       .........
05-07 18:14:49.509 27727  5668 D CCodecBuffers:   }
05-07 18:14:49.509 27727  5668 D CCodecBuffers:   int32_t sar-width = 1
05-07 18:14:49.509 27727  5668 D CCodecBuffers:   Rect crop(0, 0, 1559, 719)
05-07 18:14:49.509 27727  5668 D CCodecBuffers:   int32_t width = 1560
05-07 18:14:49.509 27727  5668 D CCodecBuffers:   int32_t feature-secure-playback = 0
05-07 18:14:49.509 27727  5668 D CCodecBuffers:   int32_t frame-rate = 30
05-07 18:14:49.509 27727  5668 D CCodecBuffers:   Buffer hdr10-plus-info = {
05-07 18:14:49.509 27727  5668 D CCodecBuffers:   }
05-07 18:14:49.509 27727  5668 D CCodecBuffers:   int32_t height = 720
05-07 18:14:49.509 27727  5668 D CCodecBuffers:   int32_t max-height = 4320
05-07 18:14:49.509 27727  5668 D CCodecBuffers:   int32_t max-width = 8192
05-07 18:14:49.509 27727  5668 D CCodecBuffers:   string mime = "video/raw"
05-07 18:14:49.509 27727  5668 D CCodecBuffers:   int32_t priority = 0
05-07 18:14:49.509 27727  5668 D CCodecBuffers:   int32_t color-format = 21
05-07 18:14:49.509 27727  5668 D CCodecBuffers: }
05-07 18:14:49.516 27727  5668 D CCodecBuffers: [c2.qti.hevc.decoder#92:2D-BB-Output] updating image-data
05-07 18:14:49.517 27727  5668 D CCodecBuffers: [c2.qti.hevc.decoder#92:2D-BB-Output] updating stride = 1560, width: 1560, height: 720
05-07 18:14:49.517 27727  5668 D CCodecBuffers: [c2.qti.hevc.decoder#92:2D-BB-Output] updating vstride = 720
05-07 18:14:49.632 27727  5668 D CCodecBuffers: [c2.qti.hevc.decoder#92:Output[N]] updating image-data
05-07 18:14:49.633 27727  5668 D CCodecBuffers: [c2.qti.hevc.decoder#92:Output[N]] updating stride = 1560, width: 1560, height: 720
05-07 18:14:49.633 27727  5668 D CCodecBuffers: [c2.qti.hevc.decoder#92:Output[N]] updating vstride = 720
05-07 18:14:49.640 27727  5473 D CCodecBuffers: [c2.qti.hevc.decoder#92:1D-Input.Impl[N]] codec released a buffer owned by client (index 2)
05-07 18:14:49.700 27727  5473 D CCodecBuffers: [c2.qti.hevc.decoder#92:1D-Input.Impl[N]] codec released a buffer owned by client (index 1)
05-07 18:14:49.864 27727  5391 D AudioTrack: [audioTrackData][mute] 5s(f:0 m:5001 s:0 k:852) : pid 27727 uid 10730 sessionId 14937 sr 48000 ch 2 fmt 1
05-07 18:14:49.892 27727  5606 E com.facebook.GraphResponse: {HttpStatus: 400, errorCode: 100, subErrorCode: 33, errorType: GraphMethodException, errorMessage: Unsupported get request. Object with ID 'FACEBOOK_APPID.todo' does not exist, cannot be loaded due to missing permissions, or does not support this operation. Please read the Graph API documentation at https://developers.facebook.com/docs/graph-api}
05-07 18:14:49.892 27727  5606 D com.facebook.FacebookSdk: getGraphApiVersion: v12.0
05-07 18:14:49.892 27727  5606 W GraphRequest: Starting with v13 of the SDK, a client token must be embedded in your client code before making Graph API calls. Visit https://developers.facebook.com/docs/android/getting-started#client-token to learn how to implement this change.
05-07 18:14:49.915 27727  5616 E com.facebook.GraphResponse: {HttpStatus: 400, errorCode: 100, subErrorCode: 33, errorType: GraphMethodException, errorMessage: Unsupported post request. Object with ID 'FACEBOOK_APPID.todo' does not exist, cannot be loaded due to missing permissions, or does not support this operation. Please read the Graph API documentation at https://developers.facebook.com/docs/graph-api}
05-07 18:14:49.916 27727  5616 D FacebookSDK.com.facebook.appevents.AppEventQueue: Flush completed
05-07 18:14:49.916 27727  5616 D FacebookSDK.com.facebook.appevents.AppEventQueue: Params: {"event":"CUSTOM_APP_EVENTS","anon_id":"XZ7d5093a0-3a68-4334-acfc-3e4a85a72513","application_tracking_enabled":true,"advertiser_id_collection_enabled":true,"attribution":"28cd86fa-99db-4c8e-80e8-1d3bc78c8b6f","advertiser_id":"e28f07a3-ab15-4207-bc98-bc09fcdc2d13","advertiser_tracking_enabled":true,"installer_package":"com.android.vending","extinfo":"[\"a2\",\"com.YostarJP.BlueArchive\",278134,\"1.44.278134\",\"13\",\"2107113SR\",\"ja_JP\",\"JST\",\"NTT DOCOMO\",2186,1080,\"2.75\",8,224,17,\"Asia\\\/Tokyo\"]","application_package_name":"com.YostarJP.BlueArchive"}
05-07 18:14:49.916 27727  5616 D FacebookSDK.com.facebook.appevents.AppEventQueue:   Result: Failed:
05-07 18:14:49.916 27727  5616 D FacebookSDK.com.facebook.appevents.AppEventQueue:   Response: {Response:  responseCode: 400, graphObject: null, error: {HttpStatus: 400, errorCode: 100, subErrorCode: 33, errorType: GraphMethodException, errorMessage: Unsupported post request. Object with ID 'FACEBOOK_APPID.todo' does not exist, cannot be loaded due to missing permissions, or does not support this operation. Please read the Graph API documentation at https://developers.facebook.com/docs/graph-api}}
05-07 18:14:49.916 27727  5616 D FacebookSDK.com.facebook.appevents.AppEventQueue:   Error {HttpStatus: 400, errorCode: 100, subErrorCode: 33, errorType: GraphMethodException, errorMessage: Unsupported post request. Object with ID 'FACEBOOK_APPID.todo' does not exist, cannot be loaded due to missing permissions, or does not support this operation. Please read the Graph API documentation at https://developers.facebook.com/docs/graph-api}
05-07 18:14:49.916 27727  5616 D FacebookSDK.com.facebook.appevents.AppEventQueue:   Events JSON: [
05-07 18:14:49.916 27727  5616 D FacebookSDK.com.facebook.appevents.AppEventQueue:   {
05-07 18:14:49.916 27727  5616 D FacebookSDK.com.facebook.appevents.AppEventQueue:     "_eventName": "fb_mobile_activate_app",
05-07 18:14:49.916 27727  5616 D FacebookSDK.com.facebook.appevents.AppEventQueue:     "_eventName_md5": "cb7f3b6cd294afce05ece615d43ea7b9",
05-07 18:14:49.916 27727  5616 D FacebookSDK.com.facebook.appevents.AppEventQueue:     "_logTime": 1715073288,
05-07 18:14:49.916 27727  5616 D FacebookSDK.com.facebook.appevents.AppEventQueue:     "_ui": "MxUnityPlayerActivity",
05-07 18:14:49.916 27727  5616 D FacebookSDK.com.facebook.appevents.AppEventQueue:     "_session_id": "dda1bdd9-6140-498b-9a26-97f9fa4f6506",
05-07 18:14:49.916 27727  5616 D FacebookSDK.com.facebook.appevents.AppEventQueue:     "fb_mobile_launch_source": "Unclassified",
05-07 18:14:49.916 27727  5616 D FacebookSDK.com.facebook.appevents.AppEventQueue:     "fb_mobile_pckg_fp": "5e9ab942958016d969509a6efb6cd94e",
05-07 18:14:49.916 27727  5616 D FacebookSDK.com.facebook.appevents.AppEventQueue:     "fb_mobile_app_cert_hash": "m3ijSbZYi6WTC2YZ9QSYQq9lCNA=\n",
05-07 18:14:49.916 27727  5616 D FacebookSDK.com.facebook.appevents.AppEventQueue:     "_inBackground": "1"
05-07 18:14:49.916 27727  5616 D FacebookSDK.com.facebook.appevents.AppEventQueue:   }
05-07 18:14:49.916 27727  5616 D FacebookSDK.com.facebook.appevents.AppEventQueue: ]
05-07 18:14:49.918 27727  5603 E com.facebook.GraphResponse: {HttpStatus: 400, errorCode: 100, subErrorCode: 33, errorType: GraphMethodException, errorMessage: Unsupported post request. Object with ID 'FACEBOOK_APPID.todo' does not exist, cannot be loaded due to missing permissions, or does not support this operation. Please read the Graph API documentation at https://developers.facebook.com/docs/graph-api}
05-07 18:14:50.041 27727  5606 E com.facebook.GraphResponse: {HttpStatus: 400, errorCode: 100, subErrorCode: 33, errorType: GraphMethodException, errorMessage: Unsupported get request. Object with ID 'FACEBOOK_APPID.todo' does not exist, cannot be loaded due to missing permissions, or does not support this operation. Please read the Graph API documentation at https://developers.facebook.com/docs/graph-api}
05-07 18:14:50.042 27727  5606 D com.facebook.FacebookSdk: getGraphApiVersion: v12.0
05-07 18:14:50.043 27727  5606 W GraphRequest: Starting with v13 of the SDK, a client token must be embedded in your client code before making Graph API calls. Visit https://developers.facebook.com/docs/android/getting-started#client-token to learn how to implement this change.
05-07 18:14:50.129 27727  5472 D BufferPoolAccessor2.0: bufferpool2 0xb400007a15720628 : 0(0 size) total buffers - 0(0 size) used buffers - 0/5 (recycle/alloc) - 5/16 (fetch/transfer)
05-07 18:14:50.129 27727  5472 D BufferPoolAccessor2.0: evictor expired: 1, evicted: 1
05-07 18:14:50.275 27727  5606 E com.facebook.GraphResponse: {HttpStatus: 400, errorCode: 100, subErrorCode: 33, errorType: GraphMethodException, errorMessage: Unsupported get request. Object with ID 'FACEBOOK_APPID.todo' does not exist, cannot be loaded due to missing permissions, or does not support this operation. Please read the Graph API documentation at https://developers.facebook.com/docs/graph-api}
05-07 18:14:50.275 27727  5606 D com.facebook.FacebookSdk: getGraphApiVersion: v12.0
05-07 18:14:50.275 27727  5606 W GraphRequest: Starting with v13 of the SDK, a client token must be embedded in your client code before making Graph API calls. Visit https://developers.facebook.com/docs/android/getting-started#client-token to learn how to implement this change.
05-07 18:14:50.428 27727  5606 E com.facebook.GraphResponse: {HttpStatus: 400, errorCode: 100, subErrorCode: 33, errorType: GraphMethodException, errorMessage: Unsupported get request. Object with ID 'FACEBOOK_APPID.todo' does not exist, cannot be loaded due to missing permissions, or does not support this operation. Please read the Graph API documentation at https://developers.facebook.com/docs/graph-api}
05-07 18:14:50.864 27727  5391 D AudioTrack: [audioTrackData][mute] 6s(f:0 m:6001 s:0 k:1852) : pid 27727 uid 10730 sessionId 14937 sr 48000 ch 2 fmt 1
05-07 18:14:51.864 27727  5391 D AudioTrack: [audioTrackData][mute] 7s(f:0 m:7001 s:0 k:2852) : pid 27727 uid 10730 sessionId 14937 sr 48000 ch 2 fmt 1
05-07 18:14:52.424 27727  5470 D CCodecBufferChannel: [c2.qti.hevc.decoder#92] DEBUG: elapsed: n=17 [in=0 pipeline=0 out=13]
05-07 18:14:52.424 27727  5470 D PipelineWatcher: DEBUG: elapsed 2 / 17
05-07 18:14:52.864 27727  5391 D AudioTrack: [audioTrackData][mute] 8s(f:0 m:8001 s:0 k:3852) : pid 27727 uid 10730 sessionId 14937 sr 48000 ch 2 fmt 1
05-07 18:14:53.130 27727  5472 D BufferPoolAccessor2.0: bufferpool2 0xb400007a15720028 : 0(0 size) total buffers - 0(0 size) used buffers - 1/5 (recycle/alloc) - 4/63 (fetch/transfer)
05-07 18:14:53.130 27727  5472 D BufferPoolAccessor2.0: evictor expired: 1, evicted: 1
05-07 18:14:53.600 27727  5573 D LogProducerCallback: LOG_PRODUCER_OK  n/a 22171 8202
05-07 18:14:53.864 27727  5391 D AudioTrack: [audioTrackData][mute] 9s(f:0 m:9001 s:0 k:4852) : pid 27727 uid 10730 sessionId 14937 sr 48000 ch 2 fmt 1
05-07 18:14:53.901 27727  5571 I SLSAndroid: module: com.alibaba.netspeed.network.Diagnosis, start http ping https://www.aliyun.com by WIFI with connectionType: WIFI, key: 74421391-3b89-4047-ab70-5e4ff9226382
05-07 18:14:53.904 27727  5571 I SLSAndroid: module: com.alibaba.netspeed.network.Diagnosis, multiplePortsDetect not on
05-07 18:14:53.908 27727  5571 I SLSAndroid: module: Diagnosis, start ping www.aliyun.com, times: 10 by WIFI with netId: 4916848283661
05-07 18:14:53.909 27727  5571 I SLSAndroid: module: com.alibaba.netspeed.network.Diagnosis, multiplePortsDetect not on
05-07 18:14:53.910 27727  5571 I SLSAndroid: module: Diagnosis, start tcpping www.aliyun.com:80 by WIFI with netId: 4916848283661
05-07 18:14:53.911 27727  5571 I SLSAndroid: module: com.alibaba.netspeed.network.Diagnosis, multiplePortsDetect not on
05-07 18:14:53.917 27727  5571 I SLSAndroid: module: Diagnosis, start dns www.aliyun.com, server: 172.16.1.22,172.16.1.23, type: A by WIFI with netId: 4916848283661
05-07 18:14:53.918 27727  5571 I SLSAndroid: module: com.alibaba.netspeed.network.Diagnosis, multiplePortsDetect not on
05-07 18:14:53.920 27727  5571 I SLSAndroid: module: Diagnosis, start mtr www.aliyun.com by WIFI with netId: 4916848283661
05-07 18:14:53.923 27727  5737 D TrafficStats: tagSocket(197) with statsTag=0xffffffff, statsUid=-1
05-07 18:14:53.999 27727  5245 W SQLiteConnectionPool: A SQLiteConnection object for database '/storage/emulated/0/Android/data/com.YostarJP.BlueArchive/files/Database/airisdk.db' was leaked!  Please fix your application to end transactions in progress properly and to close the database when it is no longer needed.
05-07 18:14:53.999 27727  5245 W System  : A resource failed to call SQLiteConnection.close. 
05-07 18:14:53.999 27727  5245 W System  : A resource failed to call SQLiteConnectionPool.close. 
05-07 18:14:53.999 27727  5245 W System  : A resource failed to call close. 
05-07 18:14:54.630 27727  5667 D BufferPoolAccessor2.0: bufferpool2 0xb400007a18289428 : 5(44236800 size) total buffers - 4(35389440 size) used buffers - 0/5 (recycle/alloc) - 5/171 (fetch/transfer)
05-07 18:14:54.864 27727  5391 D AudioTrack: [audioTrackData][mute] 10s(f:0 m:10001 s:0 k:5852) : pid 27727 uid 10730 sessionId 14937 sr 48000 ch 2 fmt 1
05-07 18:14:55.130 27727  5472 D BufferPoolAccessor2.0: bufferpool2 0xb400007998e6e028 : 0(0 size) total buffers - 0(0 size) used buffers - 1/5 (recycle/alloc) - 4/13 (fetch/transfer)
05-07 18:14:55.130 27727  5472 D BufferPoolAccessor2.0: evictor expired: 2, evicted: 2
05-07 18:14:55.287 27727  5737 D TrafficStats: tagSocket(162) with statsTag=0xffffffff, statsUid=-1
05-07 18:14:55.737 27727  5470 D CCodecBufferChannel: [c2.qti.hevc.decoder#92] DEBUG: elapsed: n=17 [in=0 pipeline=0 out=13]
05-07 18:14:55.737 27727  5470 D PipelineWatcher: DEBUG: elapsed 2 / 17
05-07 18:14:55.841 27727  5737 I SLSAndroid: module: com.alibaba.netspeed.network.Diagnosis, startHttpPing code: 200
05-07 18:14:55.864 27727  5391 D AudioTrack: [audioTrackData][mute] 11s(f:0 m:11001 s:0 k:6852) : pid 27727 uid 10730 sessionId 14937 sr 48000 ch 2 fmt 1
05-07 18:14:56.864 27727  5391 D AudioTrack: [audioTrackData][mute] 12s(f:0 m:12001 s:0 k:7852) : pid 27727 uid 10730 sessionId 14937 sr 48000 ch 2 fmt 1
05-07 18:14:57.864 27727  5391 D AudioTrack: [audioTrackData][mute] 13s(f:0 m:13001 s:0 k:8852) : pid 27727 uid 10730 sessionId 14937 sr 48000 ch 2 fmt 1
05-07 18:14:58.526 27727  5573 D LogProducerCallback: LOG_PRODUCER_OK  n/a 6702 2693
05-07 18:14:58.864 27727  5391 D AudioTrack: [audioTrackData][mute] 14s(f:0 m:14001 s:0 k:9852) : pid 27727 uid 10730 sessionId 14937 sr 48000 ch 2 fmt 1
05-07 18:14:59.687 27727  5422 W Settings: Setting adb_enabled has moved from android.provider.Settings.Secure to android.provider.Settings.Global.
05-07 18:14:59.687 27727  5422 W Settings: Setting adb_enabled has moved from android.provider.Settings.Secure to android.provider.Settings.Global.
05-07 18:14:59.864 27727  5391 D AudioTrack: [audioTrackData][mute] 15s(f:0 m:15001 s:0 k:10852) : pid 27727 uid 10730 sessionId 14937 sr 48000 ch 2 fmt 1
05-07 18:15:00.864 27727  5391 D AudioTrack: [audioTrackData][mute] 16s(f:0 m:16001 s:0 k:11852) : pid 27727 uid 10730 sessionId 14937 sr 48000 ch 2 fmt 1
05-07 18:15:01.710 27727  5291 W Looper  : PerfMonitor longMsg : seq=312 plan=18:14:55.396 late=0ms wall=6314ms running=3860ms runnable=260ms io=1741ms h=android.os.Handler w=2269 procState=-1
05-07 18:15:01.717 27727  5473 D BufferPoolAccessor2.0: bufferpool2 0xb400007a15720628 : 0(0 size) total buffers - 0(0 size) used buffers - 0/5 (recycle/alloc) - 5/16 (fetch/transfer)
05-07 18:15:01.717 27727  5667 D BufferPoolAccessor2.0: bufferpool2 0xb400007a18289428 : 4(35389440 size) total buffers - 4(35389440 size) used buffers - 0/5 (recycle/alloc) - 5/193 (fetch/transfer)
05-07 18:15:01.717 27727  5473 D BufferPoolAccessor2.0: Destruction - bufferpool2 0xb400007a15720628 cached: 0/0M, 0/0% in use; allocs: 5, 0% recycled; transfers: 16, 69% unfetched
05-07 18:15:01.718 27727  5473 D BufferPoolAccessor2.0: bufferpool2 0xb400007a15720028 : 0(0 size) total buffers - 0(0 size) used buffers - 1/5 (recycle/alloc) - 4/63 (fetch/transfer)
05-07 18:15:01.718 27727  5473 D BufferPoolAccessor2.0: Destruction - bufferpool2 0xb400007a15720028 cached: 0/0M, 0/0% in use; allocs: 5, 20% recycled; transfers: 63, 94% unfetched
05-07 18:15:01.718 27727  5473 D BufferPoolAccessor2.0: bufferpool2 0xb400007998e6e028 : 0(0 size) total buffers - 0(0 size) used buffers - 1/5 (recycle/alloc) - 4/13 (fetch/transfer)
05-07 18:15:01.718 27727  5473 D BufferPoolAccessor2.0: Destruction - bufferpool2 0xb400007998e6e028 cached: 0/0M, 0/0% in use; allocs: 5, 20% recycled; transfers: 13, 69% unfetched
05-07 18:15:01.723 27727  5667 I MiMediaCodec: send last fps
05-07 18:15:01.723 27727  5667 I MiMediaCodec: send fps to display with mLastSendedFps:30.000000 state:1 id:3
05-07 18:15:01.864 27727  5391 D AudioTrack: [audioTrackData][mute] 17s(f:0 m:17001 s:0 k:12852) : pid 27727 uid 10730 sessionId 14937 sr 48000 ch 2 fmt 1
05-07 18:15:02.864 27727  5391 D AudioTrack: [audioTrackData][mute] 18s(f:0 m:18001 s:0 k:13852) : pid 27727 uid 10730 sessionId 14937 sr 48000 ch 2 fmt 1
05-07 18:15:03.083 27727  5291 W Looper  : PerfMonitor longMsg : seq=318 plan=18:15:02.035 late=0ms wall=1048ms running=880ms runnable=2ms io=43ms h=android.os.Handler w=2269 procState=-1
05-07 18:15:03.085 27727  5667 I MiMediaCodec: send last fps
05-07 18:15:03.085 27727  5667 I MiMediaCodec: send fps to display with mLastSendedFps:30.000000 state:1 id:3
05-07 18:15:03.898 27727  5616 D com.facebook.FacebookSdk: getGraphApiVersion: v12.0
05-07 18:15:03.903 27727  5616 D FacebookSDK.com.facebook.appevents.AppEventQueue: Flushing 1 events due to TIMER.
05-07 18:15:04.081 27727  5616 E com.facebook.GraphResponse: {HttpStatus: 400, errorCode: 100, subErrorCode: 33, errorType: GraphMethodException, errorMessage: Unsupported post request. Object with ID 'FACEBOOK_APPID.todo' does not exist, cannot be loaded due to missing permissions, or does not support this operation. Please read the Graph API documentation at https://developers.facebook.com/docs/graph-api}
05-07 18:15:04.081 27727  5606 D com.facebook.FacebookSdk: getGraphApiVersion: v12.0
05-07 18:15:04.082 27727  5616 D FacebookSDK.com.facebook.appevents.AppEventQueue: Flush completed
05-07 18:15:04.082 27727  5616 D FacebookSDK.com.facebook.appevents.AppEventQueue: Params: {"event":"CUSTOM_APP_EVENTS","anon_id":"XZ7d5093a0-3a68-4334-acfc-3e4a85a72513","application_tracking_enabled":true,"advertiser_id_collection_enabled":true,"attribution":"28cd86fa-99db-4c8e-80e8-1d3bc78c8b6f","advertiser_id":"e28f07a3-ab15-4207-bc98-bc09fcdc2d13","advertiser_tracking_enabled":true,"installer_package":"com.android.vending","extinfo":"[\"a2\",\"com.YostarJP.BlueArchive\",278134,\"1.44.278134\",\"13\",\"2107113SR\",\"ja_JP\",\"JST\",\"NTT DOCOMO\",2186,1080,\"2.75\",8,224,17,\"Asia\\\/Tokyo\"]","application_package_name":"com.YostarJP.BlueArchive"}
05-07 18:15:04.082 27727  5616 D FacebookSDK.com.facebook.appevents.AppEventQueue:   Result: Failed:
05-07 18:15:04.082 27727  5616 D FacebookSDK.com.facebook.appevents.AppEventQueue:   Response: {Response:  responseCode: 400, graphObject: null, error: {HttpStatus: 400, errorCode: 100, subErrorCode: 33, errorType: GraphMethodException, errorMessage: Unsupported post request. Object with ID 'FACEBOOK_APPID.todo' does not exist, cannot be loaded due to missing permissions, or does not support this operation. Please read the Graph API documentation at https://developers.facebook.com/docs/graph-api}}
05-07 18:15:04.082 27727  5616 D FacebookSDK.com.facebook.appevents.AppEventQueue:   Error {HttpStatus: 400, errorCode: 100, subErrorCode: 33, errorType: GraphMethodException, errorMessage: Unsupported post request. Object with ID 'FACEBOOK_APPID.todo' does not exist, cannot be loaded due to missing permissions, or does not support this operation. Please read the Graph API documentation at https://developers.facebook.com/docs/graph-api}
05-07 18:15:04.082 27727  5616 D FacebookSDK.com.facebook.appevents.AppEventQueue:   Events JSON: [
05-07 18:15:04.082 27727  5616 D FacebookSDK.com.facebook.appevents.AppEventQueue:   {
05-07 18:15:04.082 27727  5616 D FacebookSDK.com.facebook.appevents.AppEventQueue:     "_eventName": "fb_mobile_activate_app",
05-07 18:15:04.082 27727  5616 D FacebookSDK.com.facebook.appevents.AppEventQueue:     "_eventName_md5": "cb7f3b6cd294afce05ece615d43ea7b9",
05-07 18:15:04.082 27727  5616 D FacebookSDK.com.facebook.appevents.AppEventQueue:     "_logTime": 1715073288,
05-07 18:15:04.082 27727  5616 D FacebookSDK.com.facebook.appevents.AppEventQueue:     "_ui": "MxUnityPlayerActivity",
05-07 18:15:04.082 27727  5616 D FacebookSDK.com.facebook.appevents.AppEventQueue:     "_session_id": "dda1bdd9-6140-498b-9a26-97f9fa4f6506",
05-07 18:15:04.082 27727  5616 D FacebookSDK.com.facebook.appevents.AppEventQueue:     "fb_mobile_launch_source": "Unclassified",
05-07 18:15:04.082 27727  5616 D FacebookSDK.com.facebook.appevents.AppEventQueue:     "fb_mobile_pckg_fp": "5e9ab942958016d969509a6efb6cd94e",
05-07 18:15:04.082 27727  5616 D FacebookSDK.com.facebook.appevents.AppEventQueue:     "fb_mobile_app_cert_hash": "m3ijSbZYi6WTC2YZ9QSYQq9lCNA=\n",
05-07 18:15:04.082 27727  5616 D FacebookSDK.com.facebook.appevents.AppEventQueue:     "_inBackground": "1"
05-07 18:15:04.082 27727  5616 D FacebookSDK.com.facebook.appevents.AppEventQueue:   }
05-07 18:15:04.082 27727  5616 D FacebookSDK.com.facebook.appevents.AppEventQueue: ]
05-07 18:15:04.082 27727  5606 W GraphRequest: Starting with v13 of the SDK, a client token must be embedded in your client code before making Graph API calls. Visit https://developers.facebook.com/docs/android/getting-started#client-token to learn how to implement this change.
05-07 18:15:04.233 27727  5606 E com.facebook.GraphResponse: {HttpStatus: 400, errorCode: 100, subErrorCode: 33, errorType: GraphMethodException, errorMessage: Unsupported get request. Object with ID 'FACEBOOK_APPID.todo' does not exist, cannot be loaded due to missing permissions, or does not support this operation. Please read the Graph API documentation at https://developers.facebook.com/docs/graph-api}
05-07 18:15:04.234 27727  5606 D com.facebook.FacebookSdk: getGraphApiVersion: v12.0
05-07 18:15:04.234 27727  5606 W GraphRequest: Starting with v13 of the SDK, a client token must be embedded in your client code before making Graph API calls. Visit https://developers.facebook.com/docs/android/getting-started#client-token to learn how to implement this change.
05-07 18:15:04.379 27727  5606 E com.facebook.GraphResponse: {HttpStatus: 400, errorCode: 100, subErrorCode: 33, errorType: GraphMethodException, errorMessage: Unsupported get request. Object with ID 'FACEBOOK_APPID.todo' does not exist, cannot be loaded due to missing permissions, or does not support this operation. Please read the Graph API documentation at https://developers.facebook.com/docs/graph-api}
05-07 18:15:05.028 27727  5470 D CCodecBufferChannel: [c2.qti.hevc.decoder#92] DEBUG: elapsed: n=17 [in=0 pipeline=0 out=13]
05-07 18:15:05.028 27727  5470 D PipelineWatcher: DEBUG: elapsed 2 / 17
05-07 18:15:06.718 27727  5472 D BufferPoolAccessor2.0: evictor expired: 3, evicted: 0
05-07 18:15:06.866 27727  5667 D BufferPoolAccessor2.0: bufferpool2 0xb400007a18289428 : 4(35389440 size) total buffers - 4(35389440 size) used buffers - 0/5 (recycle/alloc) - 11/255 (fetch/transfer)
05-07 18:15:06.866 27727  5667 I MiMediaCodec: send last fps
05-07 18:15:06.866 27727  5667 I MiMediaCodec: send fps to display with mLastSendedFps:30.000000 state:1 id:3
05-07 18:15:06.890 27727 27727 W Thread-115: type=1400 audit(0.0:567604): avc: denied { read } for name="tcp" dev="proc" ino=4026532142 scontext=u:r:untrusted_app:s0:c218,c258,c512,c768 tcontext=u:object_r:proc_net_tcp_udp:s0 tclass=file permissive=0 app=com.zzkko
05-07 18:15:08.365 27727  5470 D CCodecBufferChannel: [c2.qti.hevc.decoder#92] DEBUG: elapsed: n=17 [in=0 pipeline=0 out=13]
05-07 18:15:08.365 27727  5470 D PipelineWatcher: DEBUG: elapsed 2 / 17
05-07 18:15:08.377 27727  5667 I MiMediaCodec: send last fps
05-07 18:15:08.377 27727  5667 I MiMediaCodec: send fps to display with mLastSendedFps:30.000000 state:1 id:3
05-07 18:15:08.616 27727  5391 D AudioTrack: [audioTrackData][fine] 5s(f:5003 m:18670 s:80 k:0) : pid 27727 uid 10730 sessionId 14937 sr 48000 ch 2 fmt 1
05-07 18:15:09.345 27727  5667 I MiMediaCodec: send last fps
05-07 18:15:09.345 27727  5667 I MiMediaCodec: send fps to display with mLastSendedFps:30.000000 state:1 id:3
05-07 18:15:10.798 27727  5291 W Looper  : PerfMonitor longMsg : seq=411 plan=18:15:09.311 late=0ms wall=1487ms running=1298ms runnable=4ms io=97ms h=android.os.Handler w=2269 procState=-1
05-07 18:15:10.802 27727  5667 I MiMediaCodec: send last fps
05-07 18:15:10.802 27727  5667 I MiMediaCodec: send fps to display with mLastSendedFps:30.000000 state:1 id:3
05-07 18:15:11.680 27727  5470 D CCodecBufferChannel: [c2.qti.hevc.decoder#92] DEBUG: elapsed: n=17 [in=0 pipeline=0 out=13]
05-07 18:15:11.680 27727  5470 D PipelineWatcher: DEBUG: elapsed 3 / 17
