05-07 18:14:45.476 27727  5508 D CCodecConfig:   }
05-07 18:14:45.476 27727  5508 D CCodecConfig:   string output.media-type.value = "video/raw"
05-07 18:14:45.476 27727  5508 D CCodecConfig:   c2::u32 raw.color.matrix = 255
05-07 18:14:45.476 27727  5508 D CCodecConfig:   c2::u32 raw.color.primaries = 0
05-07 18:14:45.476 27727  5508 D CCodecConfig:   c2::u32 raw.color.range = 0
05-07 18:14:45.476 27727  5508 D CCodecConfig:   c2::u32 raw.color.transfer = 255
05-07 18:14:45.476 27727  5508 D CCodecConfig:   c2::float raw.hdr-static-info.mastering.blue.x = 0
05-07 18:14:45.476 27727  5508 D CCodecConfig:   c2::float raw.hdr-static-info.mastering.blue.y = 
05-07 18:14:45.477 27727  5508 W ColorUtils: expected specified color aspects (0:0:255:255)
05-07 18:14:45.478 27727  5367 D VideoInfo: com.YostarJP.BlueArchive create c2.qti.hevc.decoder in MediaCodec
05-07 18:14:45.478 27727  5367 I MediaCodec: fps video to display enabled
05-07 18:14:45.478 27727  5367 I MiMediaCodecStub: MiMediaCodecStub::MiMediaCodecStub
05-07 18:14:45.480 27727  5367 I MediaCodec: The Fps from player is 30.000000  frameRateFloat 30.000000 frameRateInt 30
05-07 18:14:45.480 27727  5367 I MediaCodec: MediaStub sendFrameRate
05-07 18:14:45.480 27727  5367 D MediaImpl: MediaImpl::sendFrameRate: 30
05-07 18:14:45.481 27727  5367 I MediaCodec: MediaStub sendMine
05-07 18:14:45.481 27727  5367 D MediaImpl: MediaImpl::sendMine: video/hevc
05-07 18:14:45.481 27727  5367 D MediaStub: MediaStub::sendMine video/hevc
05-07 18:14:45.481 27727  5367 D MediaCodec: currery video type video/hevc
05-07 18:14:45.481 27727  5367 I MediaCodec: MediaStub sendDolbyVision
05-07 18:14:45.481 27727  5367 I MediaCodec: MediaStub sendPackageName
05-07 18:14:45.481 27727  5367 D MediaImpl: MediaImpl::sendPackageName: com.YostarJP.BlueArchive
05-07 18:14:45.481 27727  5367 D MediaStub: MediaStub::sendPackageName com.YostarJP.BlueArchive
05-07 18:14:45.481 27727  5367 I MediaCodec: MediaStub sendWidth/sendHeight
05-07 18:14:45.481 27727  5367 I MediaCodec: configure : init video box disabled
05-07 18:14:45.481 27727  5507 D MediaCodec: flushMediametrics
05-07 18:14:45.481 27727  5508 D CCodec  : [c2.qti.hevc.decoder] buffers are bound to CCodec for this session
05-07 18:14:45.482 27727  5508 D CCodec  : Client requested ByteBuffer mode decoder w/o color format set: using default semi-planar color format
05-07 18:14:45.482 27727  5508 D CCodecConfig: no c2 equivalents for durationUs
05-07 18:14:45.482 27727  5508 D CCodecConfig: no c2 equivalents for frame-count
05-07 18:14:45.482 27727  5508 D CCodecConfig: no c2 equivalents for track-id
05-07 18:14:45.482 27727  5508 D CCodecConfig: no c2 equivalents for language
05-07 18:14:45.482 27727  5508 D CCodecConfig: no c2 equivalents for display-width
05-07 18:14:45.482 27727  5508 D CCodecConfig: no c2 equivalents for display-height
05-07 18:14:45.482 27727  5508 D CCodecConfig: no c2 equivalents for android._is-hdr
05-07 18:14:45.482 27727  5508 D CCodecConfig: no c2 equivalents for color-standard
05-07 18:14:45.482 27727  5508 D CCodecConfig: no c2 equivalents for file-format
05-07 18:14:45.482 27727  5508 D CCodecConfig: no c2 equivalents for flags
05-07 18:14:45.483 27727  5508 D CCodecConfig: c2 config diff is   c2::u32 coded.pl.level = 24581
05-07 18:14:45.483 27727  5508 D CCodecConfig:   c2::u32 default.color.matrix = 1
05-07 18:14:45.483 27727  5508 D CCodecConfig:   c2::u32 default.color.primaries = 1
05-07 18:14:45.483 27727  5508 D CCodecConfig:   c2::u32 default.color.range = 2
05-07 18:14:45.483 27727  5508 D CCodecConfig:   c2::u32 default.color.transfer = 3
05-07 18:14:45.483 27727  5508 D CCodecConfig:   c2::u32 raw.pixel-format.value = 35
05-07 18:14:45.483 27727  5508 D CCodecConfig:   c2::u32 raw.size.height = 1080
05-07 18:14:45.483 27727  5508 D CCodecConfig:   c2::u32 raw.size.width = 1920
05-07 18:14:45.483 27727  5508 W ColorUtils: expected specified color aspects (0:0:255:255)
05-07 18:14:45.484 27727  5508 W Codec2Client: query -- param skipped: index = 1107298332.
05-07 18:14:45.484 27727  5508 D CCodec  : client requested max input size 1555200, which is smaller than what component recommended (8847360); overriding with component recommendation.
05-07 18:14:45.484 27727  5508 W CCodec  : This behavior is subject to change. It is recommended that app developers double check whether the requested max input size is in reasonable range.
05-07 18:14:45.484 27727  5508 D CCodec  : encoding statistics level = 0
05-07 18:14:45.484 27727  5508 D CCodec  : setup formats input: AMessage(what = 0x00000000) = {
05-07 18:14:45.484 27727  5508 D CCodec  :   int32_t feature-secure-playback = 0
05-07 18:14:45.484 27727  5508 D CCodec  :   int32_t frame-rate = 30
05-07 18:14:45.484 27727  5508 D CCodec  :   int32_t height = 1080
05-07 18:14:45.484 27727  5508 D CCodec  :   int32_t max-input-size = 8847360
05-07 18:14:45.484 27727  5508 D CCodec  :   string mime = "video/hevc"
05-07 18:14:45.484 27727  5508 D CCodec  :   int32_t priority = 0
05-07 18:14:45.484 27727  5508 D CCodec  :   int32_t profile = 1
05-07 18:14:45.484 27727  5508 D CCodec  :   int32_t width = 1920
05-07 18:14:45.484 27727  5508 D CCodec  :   Rect crop(0, 0, 1919, 1079)
05-07 18:14:45.484 27727  5508 D CCodec  :   int32_t level = 1024
05-07 18:14:45.484 27727  5508 D CCodec  : }
05-07 18:14:45.484 27727  5508 D CCodec  : setup formats output: AMessage(what = 0x00000000) = {
05-07 18:14:45.484 27727  5508 D CCodec  :   int32_t android._color-format = 2135033992
05-07 18:14:45.484 27727  5508 D CCodec  :   int32_t android._video-scaling = 1
05-07 18:14:45.484 27727  5508 D CCodec  :   int32_t android._dataspace = 12648448
05-07 18:14:45.484 27727  5508 D CCodec  :   int32_t color-standard = 130816
05-07 18:14:45.484 27727  5508 D CCodec  :   int32_t color-range = 0
05-07 18:14:45.484 27727  5508 D CCodec  :   int32_t color-transfer = 65791
05-07 18:14:45.484 27727  5508 D CCodec  :   int32_t sar-height = 1
05-07 18:14:45.484 27727  5508 D CCodec  :   int32_t rotation-degrees = 0
05-07 18:14:45.484 27727  5508 D CCodec  :   Buffer hdr-static-info = {
05-07 18:14:45.484 27727  5508 D CCodec  :     00000000:  00 00 00 00 00 00 00 00  00 00 00 00 00 00 00 00  ................
05-07 18:14:45.484 27727  5508 D CCodec  :     00000010:  00 00 00 00 00 00 00 00  00                       .........
05-07 18:14:45.484 27727  5508 D CCodec  :   }
05-07 18:14:45.484 27727  5508 D CCodec  :   int32_t sar-width = 1
05-07 18:14:45.484 27727  5508 D CCodec  :   Rect crop(0, 0, 1919, 1079)
05-07 18:14:45.484 27727  5508 D CCodec  :   int32_t width = 1920
05-07 18:14:45.484 27727  5508 D CCodec  :   int32_t feature-secure-playback = 0
05-07 18:14:45.484 27727  5508 D CCodec  :   int32_t frame-rate = 30
05-07 18:14:45.484 27727  5508 D CCodec  :   Buffer hdr10-plus-info = {
05-07 18:14:45.484 27727  5508 D CCodec  :   }
05-07 18:14:45.484 27727  5508 D CCodec  :   int32_t height = 1080
05-07 18:14:45.484 27727  5508 D CCodec  :   int32_t max-height = 4320
05-07 18:14:45.484 27727  5508 D CCodec  :   int32_t max-width = 8192
05-07 18:14:45.484 27727  5508 D CCodec  :   string mime = "video/raw"
05-07 18:14:45.484 27727  5508 D CCodec  :   int32_t priority = 0
05-07 18:14:45.484 27727  5508 D CCodec  :   int32_t color-format = 21
05-07 18:14:45.484 27727  5508 D CCodec  : }
05-07 18:14:45.485 27727  5508 I CCodecConfig: query failed after returning 18 values (BAD_INDEX)
05-07 18:14:45.493 27727  5508 W Codec2Client: query -- param skipped: index = 1342179345.
05-07 18:14:45.493 27727  5508 W Codec2Client: query -- param skipped: index = 2415921170.
05-07 18:14:45.493 27727  5508 W Codec2Client: query -- param skipped: index = 1610614798.
05-07 18:14:45.493 27727  5508 D CCodecBufferChannel: [c2.qti.hevc.decoder#95] Query input allocators returned 0 params => BAD_INDEX (6)
05-07 18:14:45.494 27727  5508 D CCodecBufferChannel: [c2.qti.hevc.decoder#95] Created input block pool with allocatorID 16 => poolID 18 - OK (0)
05-07 18:14:45.494 27727  5508 D CCodecBufferChannel: [c2.qti.hevc.decoder#95] Query output allocators returned 0 params => BAD_INDEX (6)
05-07 18:14:45.495 27727  5508 D CCodecBufferChannel: [c2.qti.hevc.decoder#95] Configured output block pool ids 1 => OK
05-07 18:14:45.495 27727  5508 D CCodecBufferChannel: [c2.qti.hevc.decoder#95] start: updating output delay 9
05-07 18:14:45.510 27727  5507 I MiMediaCodec: send fps to display with mFpsFromPlayer:30.000000 state:1 id:1
05-07 18:14:45.511 27727  5473 D CCodecBufferChannel: [c2.qti.hevc.decoder#95] Ignoring stale input buffer done callback: last flush index = 0, frameIndex = 0
05-07 18:14:45.512 27727  5508 D CCodecConfig: c2 config diff is   c2::u32 output.delay.value = 10
05-07 18:14:45.512 27727  5508 W ColorUtils: expected specified color aspects (0:0:255:255)
05-07 18:14:45.513 27727  5508 D CCodecBufferChannel: [c2.qti.hevc.decoder#95] onWorkDone: updating output delay 10
05-07 18:14:45.513 27727  5508 D Codec2-OutputBufferQueue: set max dequeue count 17 from update
05-07 18:14:45.533 27727  5508 D CCodecConfig: c2 config diff is   c2::u32 output.delay.value = 14
05-07 18:14:45.534 27727  5508 W ColorUtils: expected specified color aspects (0:0:255:255)
05-07 18:14:45.534 27727  5508 D CCodecBufferChannel: [c2.qti.hevc.decoder#95] onWorkDone: updating output delay 14
05-07 18:14:45.534 27727  5508 D Codec2-OutputBufferQueue: set max dequeue count 21 from update
05-07 18:14:45.541 27727  5508 D CCodecConfig: c2 config diff is   c2::u32 raw.color.matrix = 1
05-07 18:14:45.541 27727  5508 D CCodecConfig:   c2::u32 raw.color.primaries = 1
05-07 18:14:45.541 27727  5508 D CCodecConfig:   c2::u32 raw.color.range = 2
05-07 18:14:45.541 27727  5508 D CCodecConfig:   c2::u32 raw.color.transfer = 3
05-07 18:14:45.541 27727  5508 D CCodecConfig:   c2::u32 raw.crop.height = 1080
05-07 18:14:45.541 27727  5508 D CCodecConfig:   c2::u32 raw.crop.left = 0
05-07 18:14:45.541 27727  5508 D CCodecConfig:   c2::u32 raw.crop.top = 0
05-07 18:14:45.541 27727  5508 D CCodecConfig:   c2::u32 raw.crop.width = 1920
05-07 18:14:45.542 27727  5508 D CCodecBuffers: [c2.qti.hevc.decoder#95:2D-BB-Output] popFromStashAndRegister: at 0us, output format changed to AMessage(what = 0x00000000) = {
05-07 18:14:45.542 27727  5508 D CCodecBuffers:   int32_t android._color-format = 2135033992
05-07 18:14:45.542 27727  5508 D CCodecBuffers:   int32_t android._video-scaling = 1
05-07 18:14:45.542 27727  5508 D CCodecBuffers:   int32_t android._dataspace = 260
05-07 18:14:45.542 27727  5508 D CCodecBuffers:   int32_t color-standard = 1
05-07 18:14:45.542 27727  5508 D CCodecBuffers:   int32_t color-range = 2
05-07 18:14:45.542 27727  5508 D CCodecBuffers:   int32_t color-transfer = 3
05-07 18:14:45.542 27727  5508 D CCodecBuffers:   int32_t sar-height = 1
05-07 18:14:45.542 27727  5508 D CCodecBuffers:   int32_t rotation-degrees = 0
05-07 18:14:45.542 27727  5508 D CCodecBuffers:   Buffer hdr-static-info = {
05-07 18:14:45.542 27727  5508 D CCodecBuffers:     00000000:  00 00 00 00 00 00 00 00  00 00 00 00 00 00 00 00  ................
05-07 18:14:45.542 27727  5508 D CCodecBuffers:     00000010:  00 00 00 00 00 00 00 00  00                       .........
05-07 18:14:45.542 27727  5508 D CCodecBuffers:   }
05-07 18:14:45.542 27727  5508 D CCodecBuffers:   int32_t sar-width = 1
05-07 18:14:45.542 27727  5508 D CCodecBuffers:   Rect crop(0, 0, 1919, 1079)
05-07 18:14:45.542 27727  5508 D CCodecBuffers:   int32_t width = 1920
05-07 18:14:45.542 27727  5508 D CCodecBuffers:   int32_t feature-secure-playback = 0
05-07 18:14:45.542 27727  5508 D CCodecBuffers:   int32_t frame-rate = 30
05-07 18:14:45.542 27727  5508 D CCodecBuffers:   Buffer hdr10-plus-info = {
05-07 18:14:45.542 27727  5508 D CCodecBuffers:   }
05-07 18:14:45.542 27727  5508 D CCodecBuffers:   int32_t height = 1080
05-07 18:14:45.542 27727  5508 D CCodecBuffers:   int32_t max-height = 4320
05-07 18:14:45.542 27727  5508 D CCodecBuffers:   int32_t max-width = 8192
05-07 18:14:45.542 27727  5508 D CCodecBuffers:   string mime = "video/raw"
05-07 18:14:45.542 27727  5508 D CCodecBuffers:   int32_t priority = 0
05-07 18:14:45.542 27727  5508 D CCodecBuffers:   int32_t color-format = 21
05-07 18:14:45.542 27727  5508 D CCodecBuffers: }
05-07 18:14:45.555 27727  5508 D CCodecBuffers: [c2.qti.hevc.decoder#95:2D-BB-Output] updating image-data
05-07 18:14:45.555 27727  5508 D CCodecBuffers: [c2.qti.hevc.decoder#95:2D-BB-Output] updating stride = 1920, width: 1920, height: 1080
05-07 18:14:45.555 27727  5508 D CCodecBuffers: [c2.qti.hevc.decoder#95:2D-BB-Output] updating vstride = 1080
05-07 18:14:45.735 27727  5508 D CCodecBuffers: [c2.qti.hevc.decoder#95:Output[N]] updating image-data
05-07 18:14:45.735 27727  5508 D CCodecBuffers: [c2.qti.hevc.decoder#95:Output[N]] updating stride = 1920, width: 1920, height: 1080
05-07 18:14:45.735 27727  5508 D CCodecBuffers: [c2.qti.hevc.decoder#95:Output[N]] updating vstride = 1080
05-07 18:14:46.388 27727  5391 D AudioTrack: [audioTrackData][mute] 2s(f:0 m:2001 s:0 k:2001) : pid 27727 uid 10730 sessionId 14937 sr 48000 ch 2 fmt 1
05-07 18:14:46.692 27727  5432 W Choreographer: Frame time is 0.120448 ms in the future!  Check that graphics HAL is generating vsync timestamps using the correct timebase.
05-07 18:14:46.890 27727  5507 I MiMediaCodec: VideoToDisplayRealtimeFramerate send fps to display when stop
05-07 18:14:46.890 27727  5507 I MiMediaCodec: send fps to display when stop, state:0 mLastSendedFps:30.000000 id:1
05-07 18:14:47.388 27727  5391 D AudioTrack: [audioTrackData][mute] 3s(f:0 m:3001 s:0 k:3001) : pid 27727 uid 10730 sessionId 14937 sr 48000 ch 2 fmt 1
05-07 18:14:47.614 27727 27727 W Thread-26: type=1400 audit(0.0:567602): avc: denied { read } for name="tcp" dev="proc" ino=4026532142 scontext=u:r:untrusted_app:s0:c218,c258,c512,c768 tcontext=u:object_r:proc_net_tcp_udp:s0 tclass=file permissive=0 app=com.zzkko
05-07 18:14:47.621 27727  5244 W JavaBinder: BinderProxy is being destroyed but the application did not call unlinkToDeath to unlink all of its death recipients beforehand.  Releasing leaked death recipient: com.google.android.play.core.internal.ai
05-07 18:14:47.621 27727  5244 I BpBinder: onLastStrongRef automatically unlinking death recipients: <uncached descriptor>
05-07 18:14:47.618 27727 27727 W FinalizerDaemon: type=1400 audit(0.0:567603): avc: denied { getopt } for path="/dev/socket/usap_pool_primary" scontext=u:r:untrusted_app:s0:c218,c258,c512,c768 tcontext=u:r:zygote:s0 tclass=unix_stream_socket permissive=0 app=com.zzkko
05-07 18:14:47.621 27727  5245 W System  : A resource failed to call AbstractCursor.close. 
05-07 18:14:47.622 27727  5245 W System  : A resource failed to call CursorWrapperInner.close. 
05-07 18:14:47.790 27727  5507 D CCodecBufferChannel: [c2.qti.hevc.decoder#95] MediaCodec discarded an unknown buffer
05-07 18:14:47.790 27727  5507 D CCodecBufferChannel: [c2.qti.hevc.decoder#95] MediaCodec discarded an unknown buffer
05-07 18:14:47.790 27727  5507 D CCodecBufferChannel: [c2.qti.hevc.decoder#95] MediaCodec discarded an unknown buffer
05-07 18:14:47.799 27727  5519 I hw-BpHwBinder: onLastStrongRef automatically unlinking death recipients
05-07 18:14:47.800 27727  5507 I MediaCodec: MediaStub sendHdrInfo/sendFrameRateFloatCal/updateFrcAieAisState
05-07 18:14:47.800 27727  5507 D MediaImpl: FRC switch off: valueSupport : true, valueOn : false
05-07 18:14:47.800 27727  5507 D MediaImpl: AIE switch off: valueSupport : true, valueOn : false
05-07 18:14:47.800 27727  5507 D MediaImpl: AIS switch off: valueSupport : true, valueOn : false
05-07 18:14:47.800 27727  5507 I MediaCodec: MediaStub sendVideoPlayData
05-07 18:14:47.800 27727  5507 D MediaImpl: sendVideoPlayData, start
05-07 18:14:47.800 27727  5507 D MediaImpl: MediaImpl::sendVideoPlayData::mediacodec_mime : video/hevc
05-07 18:14:47.800 27727  5507 D MediaImpl: MediaImpl::sendVideoPlayData::mediacodec_packgeName : com.YostarJP.BlueArchive
05-07 18:14:47.800 27727  5507 D MediaImpl: MediaImpl::sendVideoPlayData::mine : video/hevc
05-07 18:14:47.801 27727  5507 D MediaImpl: MediaImpl::sendVideoPlayData::packgeName : com.YostarJP.BlueArchive
05-07 18:14:47.801 27727  5507 E send_data_to_xlog: send_video_play_to_xlog, start
05-07 18:14:47.801 27727  5507 D send_data_to_xlog: send_video_play_to_xlog::mine : video/hevc
05-07 18:14:47.801 27727  5507 D send_data_to_xlog: send_video_play_to_xlog::packgeName : com.YostarJP.BlueArchive
05-07 18:14:47.801 27727  5507 V xlog_client:  xlog_send  msg_id: 13
05-07 18:14:47.801 27727  5507 V xlog_client:  xlog_send 
05-07 18:14:47.801 27727  5507 E xlog_client: xlog_open: Error in open xlog
05-07 18:14:47.801 27727  5507 E xlog_client: xlog open fail
05-07 18:14:47.802 27727  5507 D MediaCodec: flushMediametrics
05-07 18:14:47.802 27727  5507 D VideoInfo: com.YostarJP.BlueArchive destroy c2.qti.hevc.decoder in MediaCodec, input num 61 output num 61 render num 0
05-07 18:14:47.802 27727  5507 D VideoInfo: max input intervel 168ms max output intervel 159ms max render interval 0ms
05-07 18:14:48.121 27727  5291 E qdgralloc: GetGpuPixelFormat: No map for format: 0x38
05-07 18:14:48.121 27727  5291 E AdrenoUtils: <validate_memory_layout_input_parmas:1970>: Unknown Format 0
05-07 18:14:48.121 27727  5291 E AdrenoUtils: <adreno_init_memory_layout:4720>: Memory Layout input parameter validation failed!
05-07 18:14:48.121 27727  5291 E qdgralloc: GetGpuResourceSizeAndDimensions Graphics metadata init failed
05-07 18:14:48.121 27727  5291 E Gralloc4: isSupported(1, 1, 56, 1, ...) failed with 1
05-07 18:14:48.123 27727  5291 E GraphicBufferAllocator: Failed to allocate (4 x 4) layerCount 1 format 56 usage b00: 1
05-07 18:14:48.123 27727  5291 E AHardwareBuffer: GraphicBuffer(w=4, h=4, lc=1) failed (Unknown error -1), handle=0x0
05-07 18:14:48.123 27727  5291 E qdgralloc: GetGpuPixelFormat: No map for format: 0x38
05-07 18:14:48.123 27727  5291 E AdrenoUtils: <validate_memory_layout_input_parmas:1970>: Unknown Format 0
05-07 18:14:48.123 27727  5291 E AdrenoUtils: <adreno_init_memory_layout:4720>: Memory Layout input parameter validation failed!
05-07 18:14:48.123 27727  5291 E qdgralloc: GetGpuResourceSizeAndDimensions Graphics metadata init failed
05-07 18:14:48.123 27727  5291 E Gralloc4: isSupported(1, 1, 56, 1, ...) failed with 1
05-07 18:14:48.123 27727  5291 E GraphicBufferAllocator: Failed to allocate (4 x 4) layerCount 1 format 56 usage b00: 1
05-07 18:14:48.123 27727  5291 E AHardwareBuffer: GraphicBuffer(w=4, h=4, lc=1) failed (Unknown error -1), handle=0x0
05-07 18:14:48.303 27727  5291 I Unity   : [AiriSDK]: Load SDKConfig: {"VERSION":"2.5.1","Environment":0,"IsShowDebugLog":false,"TestURL":"https://ba-jp-sdk.bluearchive.jp","ReleaseURL":"https://ba-jp-sdk.bluearchive.jp","SDK_URL":"https://ba-jp-sdk.bluearchive.jp","PayStoreID":0,"IsSandbox":true,"FBAppID":"","TWKey":"dnlSQzBBZGdQbDZ0czNabF9WQms6MTpjaQ","HS_ApiKey":"","HS_Domain":"","HS_AndroidAppID":"","HS_IOSAppID":"","Amazon_ApiKey":"","OneStore_PublicKey":"","CSEmailDesc":"","CSWebDesc":""}
05-07 18:14:48.303 27727  5291 I Unity   : Airisdk.AiriSdkData:Init()
05-07 18:14:48.303 27727  5291 I Unity   : Airisdk.AiriSDKUnity:Init()
05-07 18:14:48.303 27727  5291 I Unity   : Airisdk.AiriSDKAndroid:Init(PayStore)
05-07 18:14:48.303 27727  5291 I Unity   : PlatformServiceYostar:Init()
05-07 18:14:48.303 27727  5291 I Unity   : GameMain:InitSDK()
05-07 18:14:48.303 27727  5291 I Unity   : <InitApp>d__76:MoveNext()
05-07 18:14:48.303 27727  5291 I Unity   : UnityEngine.SetupCoroutine:InvokeMoveNext(IEnumerator, IntPtr)
05-07 18:14:48.303 27727  5291 I Unity   : 
05-07 18:14:48.389 27727  5391 D AudioTrack: [audioTrackData][mute] 4s(f:0 m:4001 s:0 k:4001) : pid 27727 uid 10730 sessionId 14937 sr 48000 ch 2 fmt 1
05-07 18:14:48.410 27727 27727 I SLSAndroid: module: SLSAndroid, start pre init SLS Android SDK.
05-07 18:14:48.410 27727 27727 I SLSAndroid: module: SLSAndroid, start pre init feature: com.aliyun.sls.android.network_diagnosis.NetworkDiagnosisFeature
05-07 18:14:48.418 27727 27727 W AliNetworkDiagnosis: alinetworkdiagnosis ver 0.1.9.6, compile time: May  9 2023 14:00:39
05-07 18:14:48.420 27727 27727 D ns-crypto: verify secret success
05-07 18:14:48.420 27727 27727 D com.alibaba.netspeed.network.Diagnosis: init set appKey:VCKNFoh8HeFDhWDTBFtRMz, deviceId:NWFmMWM2ZWY4MjYzNDY2NA==, siteId:null
05-07 18:14:48.420 27727 27727 D com.alibaba.netspeed.network.Diagnosis: version: 0.1.9.6, init set appKey:VCKNFoh8HeFDhWDTBFtRMz, deviceId:NWFmMWM2ZWY4MjYzNDY2NA==, siteId:null
05-07 18:14:48.420 27727 27727 D com.alibaba.netspeed.network.Diagnosis: start netspeed task
05-07 18:14:48.420 27727 27727 D com.alibaba.netspeed.network.Diagnosis: start netspeed release network task
05-07 18:14:48.424 27727  5546 D TrafficStats: tagSocket(167) with statsTag=0x7fa162d9, statsUid=-1
05-07 18:14:48.427 27727  5554 E sls_android_native: [ERROR] [log_producer_config.c][log_producer_config_is_valid:407] invalid producer config authority params
05-07 18:14:48.427 27727  5555 E sls_android_native: [ERROR] [log_producer_config.c][log_producer_config_is_valid:407] invalid producer config authority params
05-07 18:14:48.428 27727  5555 D logger-debug: new logClient
05-07 18:14:48.428 27727  5555 E sls_android_native: [ERROR] [log_producer_config.c][log_producer_config_is_valid:407] invalid producer config authority params
05-07 18:14:48.428 27727 27727 I SLSAndroid: module: SLSAndroid, pre init feature success, feature: com.aliyun.sls.android.network_diagnosis.NetworkDiagnosisFeature
05-07 18:14:48.428 27727 27727 I SLSAndroid: module: SLSAndroid, SLS Android pre initialize success.
05-07 18:14:48.428 27727 27727 I SLSAndroid: module: SLSAndroid, start init SLS Android SDK.
05-07 18:14:48.428 27727 27727 I SLSAndroid: module: SLSAndroid, start init features
05-07 18:14:48.430 27727 27727 D com.alibaba.netspeed.network.Diagnosis: version: 0.1.9.6, init set appKey:VCKNFoh8HeFDhWDTBFtRMz, deviceId:NWFmMWM2ZWY4MjYzNDY2NA==, siteId:null
05-07 18:14:48.430 27727 27727 I SLSAndroid: module: SLSAndroid, init feature success, feature: network_diagnosis
05-07 18:14:48.430 27727 27727 I SLSAndroid: module: SLSAndroid, SLS Android initialize success.
05-07 18:14:48.431 27727  5554 E sls_android_native: [ERROR] [log_producer_config.c][log_producer_config_is_valid:407] invalid producer config authority params
05-07 18:14:48.432 27727  5554 I SLSAndroid: module: ns-policy, syncPolicy now
05-07 18:14:48.438 27727  5543 D TrafficStats: tagSocket(232) with statsTag=0x7fa162d9, statsUid=-1
05-07 18:14:48.445 27727  5571 I SLSAndroid: module: com.alibaba.netspeed.network.Diagnosis, multiplePortsDetect not on
05-07 18:14:48.450 27727  5554 D TrafficStats: tagSocket(225) with statsTag=0xffffffff, statsUid=-1
05-07 18:14:48.455 27727  5579 D TrafficStats: tagSocket(226) with statsTag=0xffffffff, statsUid=-1
05-07 18:14:48.458 27727  5575 D TrafficStats: tagSocket(235) with statsTag=0xffffffff, statsUid=-1
05-07 18:14:48.463 27727  5565 D TrafficStats: tagSocket(219) with statsTag=0xffffffff, statsUid=-1
05-07 18:14:48.469 27727  5571 D TrafficStats: tagSocket(231) with statsTag=0xffffffff, statsUid=-1
05-07 18:14:48.493 27727  5576 D TrafficStats: tagSocket(234) with statsTag=0xffffffff, statsUid=-1
05-07 18:14:48.493 27727  5564 D TrafficStats: tagSocket(223) with statsTag=0xffffffff, statsUid=-1
05-07 18:14:48.494 27727  5568 D TrafficStats: tagSocket(224) with statsTag=0xffffffff, statsUid=-1
05-07 18:14:48.540 27727  5291 D rJP.BlueArchive: PlayerBase::stop() from IPlayer
05-07 18:14:48.540 27727  5291 D AudioTrack: stop(sessionID=14937)
05-07 18:14:48.540 27727  5291 D AudioTrack: stop(2654): prior state:STATE_ACTIVE
05-07 18:14:48.540 27727  5291 D AudioTrack: stop(2654): called with 195072 frames delivered
05-07 18:14:48.549 27727 27727 W Activity: PerfMonitor: Slow Operation: Activity com.YostarJP.BlueArchive/com.yostarjp.bluearchive.MxUnityPlayerActivity onPause took 117ms
05-07 18:14:48.561 27727 27727 D DecorView[MxUnityPlayerActivity]: getWindowModeFromSystem  windowmode is 1
05-07 18:14:48.561 27727 27727 D DecorView[MxUnityPlayerActivity]: updateDecorCaptionStatus windowMode is 1
05-07 18:14:48.574 27727 27727 E AIHelp  : Please ensure AIHelpSupport#init is called at the very first place before you call any other API.
05-07 18:14:48.594 27727 27727 E DEBUG   : DEBUG0.0
05-07 18:14:48.594 27727 27727 E DEBUG   : DEBUG0
05-07 18:14:48.599 27727 27727 W com.facebook.UserSettingsManager: Please set a value for AutoLogAppEventsEnabled. Set the flag to TRUE if you want to collect app install, app launch and in-app purchase events automatically. To request user consent before collecting data, set the flag value to FALSE, then change to TRUE once user consent is received. Learn more: https://developers.facebook.com/docs/app-events/getting-started-app-events-android#disable-auto-events.
05-07 18:14:48.599 27727 27727 W com.facebook.UserSettingsManager: You haven't set a value for AdvertiserIDCollectionEnabled. Set the flag to TRUE if you want to collect Advertiser ID for better advertising and analytics results. To request user consent before collecting data, set the flag value to FALSE, then change to TRUE once user consent is received. Learn more: https://developers.facebook.com/docs/app-events/getting-started-app-events-android#disable-auto-events.
05-07 18:14:48.611 27727  5603 W GraphRequest: Starting with v13 of the SDK, a client token must be embedded in your client code before making Graph API calls. Visit https://developers.facebook.com/docs/android/getting-started#client-token to learn how to implement this change.
05-07 18:14:48.614 27727  5606 W GraphRequest: Starting with v13 of the SDK, a client token must be embedded in your client code before making Graph API calls. Visit https://developers.facebook.com/docs/android/getting-started#client-token to learn how to implement this change.
05-07 18:14:48.619 27727  5607 D com.facebook.FacebookSdk: getGraphApiVersion: v12.0
05-07 18:14:48.619 27727  5607 W GraphRequest: Starting with v13 of the SDK, a client token must be embedded in your client code before making Graph API calls. Visit https://developers.facebook.com/docs/android/getting-started#client-token to learn how to implement this change.
05-07 18:14:48.635 27727  5606 D TrafficStats: tagSocket(263) with statsTag=0xffffffff, statsUid=-1
05-07 18:14:48.635 27727  5603 D TrafficStats: tagSocket(261) with statsTag=0xffffffff, statsUid=-1
05-07 18:14:48.636 27727  5607 D TrafficStats: tagSocket(268) with statsTag=0xffffffff, statsUid=-1
05-07 18:14:48.645 27727 27727 W BillingClient: Client is already in the process of connecting to billing service.
05-07 18:14:48.654 27727 27727 W Adjust  : PRODUCTION: Adjust is running in Production mode. Use this setting only for the build that you want to publish. Set the environment to `sandbox` if you want to test your app!
05-07 18:14:48.655 27727 27727 W Adjust  : PRODUCTION: Adjust is running in Production mode. Use this setting only for the build that you want to publish. Set the environment to `sandbox` if you want to test your app!
05-07 18:14:48.678 27727 27727 D DecorView[MxUnityPlayerActivity]: onWindowFocusChanged hasWindowFocus false
05-07 18:14:48.682 27727 27727 E AIHelp  : Please ensure AIHelpSupport#init is called at the very first place before you call any other API.
05-07 18:14:48.723 27727  5245 W System  : A resource failed to call close. 
05-07 18:14:48.723 27727  5245 W System  : A resource failed to call close. 
05-07 18:14:48.723 27727  5245 W SQLiteConnectionPool: A SQLiteConnection object for database '/storage/emulated/0/Android/data/com.YostarJP.BlueArchive/files/Database/airisdk.db' was leaked!  Please fix your application to end transactions in progress properly and to close the database when it is no longer needed.
05-07 18:14:48.723 27727  5245 W System  : A resource failed to call SQLiteConnection.close. 
05-07 18:14:48.723 27727  5245 W System  : A resource failed to call SQLiteConnectionPool.close. 
05-07 18:14:48.723 27727  5245 W System  : A resource failed to call close. 
05-07 18:14:48.728 27727 27727 D DecorView[MxUnityPlayerActivity]: getWindowModeFromSystem  windowmode is 1
05-07 18:14:48.728 27727 27727 D DecorView[MxUnityPlayerActivity]: updateDecorCaptionStatus windowMode is 1
05-07 18:14:48.747 27727 27727 D CompatibilityChangeReporter: Compat change id reported: 78294732; UID 10730; state: ENABLED
05-07 18:14:48.748 27727 27727 D FacebookSDK.com.facebook.appevents.internal.ActivityLifecycleTracker: onActivityResumed
05-07 18:14:48.757 27727  5637 D FacebookSDK.AppEvents: Created app event '{"_eventName":"fb_mobile_activate_app","_eventName_md5":"cb7f3b6cd294afce05ece615d43ea7b9","_logTime":1715073288,"_ui":"MxUnityPlayerActivity","_session_id":"dda1bdd9-6140-498b-9a26-97f9fa4f6506","fb_mobile_launch_source":"Unclassified","fb_mobile_pckg_fp":"5e9ab942958016d969509a6efb6cd94e","fb_mobile_app_cert_hash":"m3ijSbZYi6WTC2YZ9QSYQq9lCNA=\n","_inBackground":"1"}'
05-07 18:14:48.761 27727 27727 D DecorView[MxUnityPlayerActivity]: onWindowFocusChanged hasWindowFocus true
05-07 18:14:48.761 27727 27727 I HandWritingStubImpl: refreshLastKeyboardType: 1
05-07 18:14:48.761 27727 27727 I HandWritingStubImpl: getCurrentKeyboardType: 1
05-07 18:14:48.768 27727  5291 E qdgralloc: GetGpuPixelFormat: No map for format: 0x38
05-07 18:14:48.768 27727  5291 E AdrenoUtils: <validate_memory_layout_input_parmas:1970>: Unknown Format 0
05-07 18:14:48.768 27727  5291 E AdrenoUtils: <adreno_init_memory_layout:4720>: Memory Layout input parameter validation failed!
05-07 18:14:48.768 27727  5291 E qdgralloc: GetGpuResourceSizeAndDimensions Graphics metadata init failed
05-07 18:14:48.768 27727  5291 E Gralloc4: isSupported(1, 1, 56, 1, ...) failed with 1
05-07 18:14:48.770 27727  5291 E GraphicBufferAllocator: Failed to allocate (4 x 4) layerCount 1 format 56 usage b00: 1
05-07 18:14:48.770 27727  5291 E AHardwareBuffer: GraphicBuffer(w=4, h=4, lc=1) failed (Unknown error -1), handle=0x0
05-07 18:14:48.770 27727  5291 E qdgralloc: GetGpuPixelFormat: No map for format: 0x38
05-07 18:14:48.770 27727  5291 E AdrenoUtils: <validate_memory_layout_input_parmas:1970>: Unknown Format 0
05-07 18:14:48.770 27727  5291 E AdrenoUtils: <adreno_init_memory_layout:4720>: Memory Layout input parameter validation failed!
05-07 18:14:48.770 27727  5291 E qdgralloc: GetGpuResourceSizeAndDimensions Graphics metadata init failed
05-07 18:14:48.770 27727  5291 E Gralloc4: isSupported(1, 1, 56, 1, ...) failed with 1
05-07 18:14:48.770 27727  5291 E GraphicBufferAllocator: Failed to allocate (4 x 4) layerCount 1 format 56 usage b00: 1
05-07 18:14:48.770 27727  5291 E AHardwareBuffer: GraphicBuffer(w=4, h=4, lc=1) failed (Unknown error -1), handle=0x0
05-07 18:14:48.771 27727  5616 D nativeloader: Configuring clns-6 for other apk /system/framework/org.apache.http.legacy.jar. target_sdk_version=34, uses_libraries=ALL, library_path=/data/app/~~-XqLzXuiCh3VynuF6EZmow==/com.google.android.gms-eGEJmnp8_oinvlPFsnab4Q==/lib/arm64:/data/app/~~-XqLzXuiCh3VynuF6EZmow==/com.google.android.gms-eGEJmnp8_oinvlPFsnab4Q==/base.apk!/lib/arm64-v8a, permitted_path=/data:/mnt/expand:/data/user/0/com.google.android.gms
05-07 18:14:48.771 27727  5616 D nativeloader: Extending system_exposed_libraries: libbinauralrenderer_wrapper.qti.so:libhoaeffects.qti.so:libQOC.qti.so:libmisys_jni.xiaomi.so:libupdateprof.qti.so:libthermalclient.qti.so:libQOC.qti.so:libdiag_system.qti.so:libqape.qti.so:liblistenjni.qti.so
05-07 18:14:48.788 27727  5616 D nativeloader: Configuring clns-7 for other apk /system/framework/com.android.media.remotedisplay.jar. target_sdk_version=34, uses_libraries=ALL, library_path=/data/app/~~-XqLzXuiCh3VynuF6EZmow==/com.google.android.gms-eGEJmnp8_oinvlPFsnab4Q==/lib/arm64:/data/app/~~-XqLzXuiCh3VynuF6EZmow==/com.google.android.gms-eGEJmnp8_oinvlPFsnab4Q==/base.apk!/lib/arm64-v8a, permitted_path=/data:/mnt/expand:/data/user/0/com.google.android.gms
05-07 18:14:48.788 27727  5616 D nativeloader: Extending system_exposed_libraries: libbinauralrenderer_wrapper.qti.so:libhoaeffects.qti.so:libQOC.qti.so:libmisys_jni.xiaomi.so:libupdateprof.qti.so:libthermalclient.qti.so:libQOC.qti.so:libdiag_system.qti.so:libqape.qti.so:liblistenjni.qti.so
05-07 18:14:48.800 27727  5616 D nativeloader: Configuring clns-8 for other apk /system/framework/com.android.location.provider.jar. target_sdk_version=34, uses_libraries=ALL, library_path=/data/app/~~-XqLzXuiCh3VynuF6EZmow==/com.google.android.gms-eGEJmnp8_oinvlPFsnab4Q==/lib/arm64:/data/app/~~-XqLzXuiCh3VynuF6EZmow==/com.google.android.gms-eGEJmnp8_oinvlPFsnab4Q==/base.apk!/lib/arm64-v8a, permitted_path=/data:/mnt/expand:/data/user/0/com.google.android.gms
05-07 18:14:48.800 27727  5616 D nativeloader: Extending system_exposed_libraries: libbinauralrenderer_wrapper.qti.so:libhoaeffects.qti.so:libQOC.qti.so:libmisys_jni.xiaomi.so:libupdateprof.qti.so:libthermalclient.qti.so:libQOC.qti.so:libdiag_system.qti.so:libqape.qti.so:liblistenjni.qti.so
05-07 18:14:48.810 27727  5291 D AudioTrack: start(2654): prior state:STATE_STOPPED
05-07 18:14:48.811 27727 27727 D MediaRouter: onRestoreRoute() : route=RouteInfo{ name=モバイル デバイス, description=null, status=null, category=RouteCategory{ name=システム types=ROUTE_TYPE_LIVE_AUDIO ROUTE_TYPE_LIVE_VIDEO  groupable=false }, supportedTypes=ROUTE_TYPE_LIVE_AUDIO ROUTE_TYPE_LIVE_VIDEO , presentationDisplay=null }
05-07 18:14:48.811 27727 27727 V MediaRouter: Selecting route: RouteInfo{ name=モバイル デバイス, description=null, status=null, category=RouteCategory{ name=システム types=ROUTE_TYPE_LIVE_AUDIO ROUTE_TYPE_LIVE_VIDEO  groupable=false }, supportedTypes=ROUTE_TYPE_LIVE_AUDIO ROUTE_TYPE_LIVE_VIDEO , presentationDisplay=null }
05-07 18:14:48.812 27727  5616 D nativeloader: Configuring clns-9 for other apk /data/app/~~-XqLzXuiCh3VynuF6EZmow==/com.google.android.gms-eGEJmnp8_oinvlPFsnab4Q==/base.apk. target_sdk_version=34, uses_libraries=, library_path=/data/app/~~-XqLzXuiCh3VynuF6EZmow==/com.google.android.gms-eGEJmnp8_oinvlPFsnab4Q==/lib/arm64:/data/app/~~-XqLzXuiCh3VynuF6EZmow==/com.google.android.gms-eGEJmnp8_oinvlPFsnab4Q==/base.apk!/lib/arm64-v8a, permitted_path=/data:/mnt/expand:/data/user/0/com.google.android.gms
05-07 18:14:48.812 27727  5606 E com.facebook.GraphResponse: {HttpStatus: 400, errorCode: 100, subErrorCode: 33, errorType: GraphMethodException, errorMessage: Unsupported get request. Object with ID 'FACEBOOK_APPID.todo' does not exist, cannot be loaded due to missing permissions, or does not support this operation. Please read the Graph API documentation at https://developers.facebook.com/docs/graph-api}
05-07 18:14:48.813 27727  5606 D com.facebook.FacebookSdk: getGraphApiVersion: v12.0
05-07 18:14:48.813 27727  5606 W GraphRequest: Starting with v13 of the SDK, a client token must be embedded in your client code before making Graph API calls. Visit https://developers.facebook.com/docs/android/getting-started#client-token to learn how to implement this change.
05-07 18:14:48.834 27727  5607 E com.facebook.GraphResponse: {HttpStatus: 400, errorCode: 100, subErrorCode: 33, errorType: GraphMethodException, errorMessage: Unsupported get request. Object with ID 'FACEBOOK_APPID.todo' does not exist, cannot be loaded due to missing permissions, or does not support this operation. Please read the Graph API documentation at https://developers.facebook.com/docs/graph-api}
05-07 18:14:48.834 27727  5607 D com.facebook.FacebookSdk: getGraphApiVersion: v12.0
05-07 18:14:48.834 27727  5607 W GraphRequest: Starting with v13 of the SDK, a client token must be embedded in your client code before making Graph API calls. Visit https://developers.facebook.com/docs/android/getting-started#client-token to learn how to implement this change.
05-07 18:14:48.852 27727  5603 E com.facebook.GraphResponse: {HttpStatus: 400, errorCode: 100, subErrorCode: 33, errorType: GraphMethodException, errorMessage: Unsupported get request. Object with ID 'FACEBOOK_APPID.todo' does not exist, cannot be loaded due to missing permissions, or does not support this operation. Please read the Graph API documentation at https://developers.facebook.com/docs/graph-api}
05-07 18:14:48.891 27727  5616 D com.facebook.FacebookSdk: getGraphApiVersion: v12.0
05-07 18:14:48.891 27727  5616 W AnalyticsUserIDStore: initStore should have been called before calling setUserID
05-07 18:14:48.926 27727  5616 D FacebookSDK.com.facebook.appevents.AppEventQueue: Flushing 1 events due to EXPLICIT.
05-07 18:14:48.954 27727  5606 E com.facebook.GraphResponse: {HttpStatus: 400, errorCode: 100, subErrorCode: 33, errorType: GraphMethodException, errorMessage: Unsupported get request. Object with ID 'FACEBOOK_APPID.todo' does not exist, cannot be loaded due to missing permissions, or does not support this operation. Please read the Graph API documentation at https://developers.facebook.com/docs/graph-api}
05-07 18:14:48.955 27727  5606 D com.facebook.FacebookSdk: getGraphApiVersion: v12.0
05-07 18:14:48.955 27727  5606 W GraphRequest: Starting with v13 of the SDK, a client token must be embedded in your client code before making Graph API calls. Visit https://developers.facebook.com/docs/android/getting-started#client-token to learn how to implement this change.
05-07 18:14:48.999 27727  5607 E com.facebook.GraphResponse: {HttpStatus: 400, errorCode: 100, subErrorCode: 33, errorType: GraphMethodException, errorMessage: Unsupported get request. Object with ID 'FACEBOOK_APPID.todo' does not exist, cannot be loaded due to missing permissions, or does not support this operation. Please read the Graph API documentation at https://developers.facebook.com/docs/graph-api}
05-07 18:14:49.012 27727  5291 W BpBinder: PerfMonitor binderTransact :  time=202ms interface=android.media.IAudioTrack code=2
05-07 18:14:49.014 27727  5603 D com.facebook.FacebookSdk: getGraphApiVersion: v12.0
05-07 18:14:49.014 27727  5603 D GraphRequest: Warning: Request without access token missing application ID or client token.
05-07 18:14:49.014 27727  5603 D GraphRequest: Warning: Request without access token missing application ID or client token.
05-07 18:14:49.014 27727  5603 W GraphRequest: Starting with v13 of the SDK, a client token must be embedded in your client code before making Graph API calls. Visit https://developers.facebook.com/docs/android/getting-started#client-token to learn how to implement this change.
05-07 18:14:49.114 27727  5364 D MediaCodecList: codecHandlesFormat: no format, so no extra checks
05-07 18:14:49.115 27727  5364 D MediaCodecList: codecHandlesFormat: no format, so no extra checks
05-07 18:14:49.118 27727  5364 D MediaCodecList: codecHandlesFormat: no format, so no extra checks
05-07 18:14:49.123 27727  5364 I MediaCodec: init video box disabled for codec not supported
05-07 18:14:49.124 27727  5657 D CCodec  : allocate(c2.qti.hevc.decoder)
05-07 18:14:49.129 27727  5657 I CCodec  : setting up 'default' as default (vendor) store
05-07 18:14:49.133 27727  5657 I CCodec  : Created component [c2.qti.hevc.decoder]
05-07 18:14:49.134 27727  5657 D CCodecConfig: read media type: video/hevc
05-07 18:14:49.136 27727  5657 D ReflectedParamUpdater: extent() != 1 for single value type: vendor.qti-ext-dec-info-misr.misr_info_top_field.misr_dpb_luma
05-07 18:14:49.136 27727  5657 D ReflectedParamUpdater: extent() != 1 for single value type: vendor.qti-ext-dec-info-misr.misr_info_top_field.misr_dpb_chroma
05-07 18:14:49.136 27727  5657 D ReflectedParamUpdater: extent() != 1 for single value type: vendor.qti-ext-dec-info-misr.misr_info_top_field.misr_opb_luma
05-07 18:14:49.136 27727  5657 D ReflectedParamUpdater: extent() != 1 for single value type: vendor.qti-ext-dec-info-misr.misr_info_top_field.misr_opb_chroma
05-07 18:14:49.136 27727  5657 D ReflectedParamUpdater: extent() != 1 for single value type: vendor.qti-ext-dec-info-misr.misr_info_bottom_field.misr_dpb_luma
05-07 18:14:49.136 27727  5657 D ReflectedParamUpdater: extent() != 1 for single value type: vendor.qti-ext-dec-info-misr.misr_info_bottom_field.misr_dpb_chroma
05-07 18:14:49.136 27727  5657 D ReflectedParamUpdater: extent() != 1 for single value type: vendor.qti-ext-dec-info-misr.misr_info_bottom_field.misr_opb_luma
05-07 18:14:49.136 27727  5657 D ReflectedParamUpdater: extent() != 1 for single value type: vendor.qti-ext-dec-info-misr.misr_info_bottom_field.misr_opb_chroma
05-07 18:14:49.138 27727  5657 D ReflectedParamUpdater: ignored struct field vendor.qti-ext-dec-panscan.window
05-07 18:14:49.146 27727  5657 D ReflectedParamUpdater: extent() != 1 for single value type: output.buffers.pool-ids.values
05-07 18:14:49.146 27727  5657 D CCodecConfig: ignoring local param raw.size (0xd2001800) as it is already supported
05-07 18:14:49.146 27727  5657 D CCodecConfig: ignoring local param default.color (0x5200180b) as it is already supported
05-07 18:14:49.146 27727  5657 D CCodecConfig: ignoring local param raw.hdr-static-info (0xd200180a) as it is already supported
05-07 18:14:49.148 27727  5657 I CCodecConfig: query failed after returning 18 values (BAD_INDEX)
05-07 18:14:49.148 27727  5657 D CCodecConfig: c2 config diff is Dict {
05-07 18:14:49.148 27727  5657 D CCodecConfig:   c2::i32 algo.priority.value = 0
05-07 18:14:49.148 27727  5657 D CCodecConfig:   c2::float algo.rate.value = 30
05-07 18:14:49.148 27727  5657 D CCodecConfig:   c2::u32 algo.secure-mode.value = 0
05-07 18:14:49.148 27727  5657 D CCodecConfig:   c2::float coded.frame-rate.value = 30
05-07 18:14:49.148 27727  5657 D CCodecConfig:   c2::u32 coded.pl.level = 0
05-07 18:14:49.148 27727  5657 D CCodecConfig:   c2::u32 coded.pl.profile = 24576
05-07 18:14:49.148 27727  5657 D CCodecConfig:   c2::u32 coded.vui.color.matrix = 255
05-07 18:14:49.148 27727  5657 D CCodecConfig:   c2::u32 coded.vui.color.primaries = 0
05-07 18:14:49.148 27727  5657 D CCodecConfig:   c2::u32 coded.vui.color.range = 0
05-07 18:14:49.148 27727  5657 D CCodecConfig:   c2::u32 coded.vui.color.transfer = 255
05-07 18:14:49.148 27727  5657 D CCodecConfig:   c2::u32 default.color.matrix = 0
05-07 18:14:49.148 27727  5657 D CCodecConfig:   c2::u32 default.color.primaries = 0
05-07 18:14:49.148 27727  5657 D CCodecConfig:   c2::u32 default.color.range = 0
05-07 18:14:49.148 27727  5657 D CCodecConfig:   c2::u32 default.color.transfer = 0
05-07 18:14:49.148 27727  5657 D CCodecConfig:   c2::u32 input.buffers.max-size.value = 8847360
05-07 18:14:49.148 27727  5657 D CCodecConfig:   c2::u32 input.delay.value = 0
05-07 18:14:49.148 27727  5657 D CCodecConfig:   string input.media-type.value = "video/hevc"
05-07 18:14:49.148 27727  5657 D CCodecConfig:   c2::u32 output.delay.value = 9
05-07 18:14:49.148 27727  5657 D CCodecConfig:   Buffer output.hdr10-plus-info.value = {
05-07 18:14:49.148 27727  5657 D CCodecConfig:   }
05-07 18:14:49.148 27727  5657 D CCodecConfig:   string output.media-type.value = "video/raw"
05-07 18:14:49.148 27727  5657 D CCodecConfig:   c2::u32 raw.color.matrix = 255
05-07 18:14:49.148 27727  5657 D CCodecConfig:   c2::u32 raw.color.primaries = 0
05-07 18:14:49.148 27727  5657 D CCodecConfig:   c2::u32 raw.color.range = 0
05-07 18:14:49.148 27727  5657 D CCodecConfig:   c2::u32 raw.color.transfer = 255
05-07 18:14:49.148 27727  5657 D CCodecConfig:   c2::float raw.hdr-static-info.mastering.blue.x = 0
05-07 18:14:49.148 27727  5657 D CCodecConfig:   c2::float raw.hdr-static-info.mastering.blue.y = 
05-07 18:14:49.149 27727  5657 W ColorUtils: expected specified color aspects (0:0:255:255)
05-07 18:14:49.151 27727  5364 D VideoInfo: com.YostarJP.BlueArchive create c2.qti.hevc.decoder in MediaCodec
05-07 18:14:49.151 27727  5364 I MediaCodec: fps video to display enabled
05-07 18:14:49.151 27727  5364 I MiMediaCodecStub: MiMediaCodecStub::MiMediaCodecStub
05-07 18:14:49.155 27727  5364 I MediaCodec: The Fps from player is 30.000000  frameRateFloat 30.000000 frameRateInt 30
05-07 18:14:49.156 27727  5364 I MediaCodec: MediaStub sendFrameRate
05-07 18:14:49.156 27727  5364 D MediaImpl: MediaImpl::sendFrameRate: 30
05-07 18:14:49.160 27727  5364 I MediaCodec: MediaStub sendMine
05-07 18:14:49.160 27727  5364 D MediaImpl: MediaImpl::sendMine: video/hevc
05-07 18:14:49.160 27727  5364 D MediaStub: MediaStub::sendMine video/hevc
05-07 18:14:49.161 27727  5364 D MediaCodec: currery video type video/hevc
05-07 18:14:49.161 27727  5364 I MediaCodec: MediaStub sendDolbyVision
05-07 18:14:49.161 27727  5364 I MediaCodec: MediaStub sendPackageName
05-07 18:14:49.161 27727  5364 D MediaImpl: MediaImpl::sendPackageName: com.YostarJP.BlueArchive
05-07 18:14:49.161 27727  5364 D MediaStub: MediaStub::sendPackageName com.YostarJP.BlueArchive
05-07 18:14:49.161 27727  5364 I MediaCodec: MediaStub sendWidth/sendHeight
05-07 18:14:49.161 27727  5364 I MediaCodec: configure : init video box disabled
05-07 18:14:49.161 27727  5656 D MediaCodec: flushMediametrics
05-07 18:14:49.162 27727  5657 D CCodec  : [c2.qti.hevc.decoder] buffers are bound to CCodec for this session
05-07 18:14:49.162 27727  5657 D CCodec  : Client requested ByteBuffer mode decoder w/o color format set: using default semi-planar color format
05-07 18:14:49.162 27727  5657 D CCodecConfig: no c2 equivalents for durationUs
05-07 18:14:49.162 27727  5657 D CCodecConfig: no c2 equivalents for frame-count
05-07 18:14:49.162 27727  5657 D CCodecConfig: no c2 equivalents for track-id
05-07 18:14:49.162 27727  5657 D CCodecConfig: no c2 equivalents for language
05-07 18:14:49.162 27727  5657 D CCodecConfig: no c2 equivalents for display-width
05-07 18:14:49.162 27727  5657 D CCodecConfig: no c2 equivalents for display-height
05-07 18:14:49.162 27727  5657 D CCodecConfig: no c2 equivalents for android._is-hdr
05-07 18:14:49.162 27727  5657 D CCodecConfig: no c2 equivalents for color-standard
05-07 18:14:49.162 27727  5657 D CCodecConfig: no c2 equivalents for file-format
05-07 18:14:49.162 27727  5657 D CCodecConfig: no c2 equivalents for flags
05-07 18:14:49.164 27727  5657 D CCodecConfig: c2 config diff is   c2::u32 coded.pl.level = 24581
05-07 18:14:49.164 27727  5657 D CCodecConfig:   c2::u32 default.color.matrix = 1
05-07 18:14:49.164 27727  5657 D CCodecConfig:   c2::u32 default.color.primaries = 1
05-07 18:14:49.164 27727  5657 D CCodecConfig:   c2::u32 default.color.range = 2
05-07 18:14:49.164 27727  5657 D CCodecConfig:   c2::u32 default.color.transfer = 3
05-07 18:14:49.164 27727  5657 D CCodecConfig:   c2::u32 raw.pixel-format.value = 35
05-07 18:14:49.164 27727  5657 D CCodecConfig:   c2::u32 raw.size.height = 720
05-07 18:14:49.164 27727  5657 D CCodecConfig:   c2::u32 raw.size.width = 1560
05-07 18:14:49.165 27727  5657 W ColorUtils: expected specified color aspects (0:0:255:255)
05-07 18:14:49.166 27727  5657 W Codec2Client: query -- param skipped: index = 1107298332.
05-07 18:14:49.166 27727  5657 D CCodec  : client requested max input size 842400, which is smaller than what component recommended (8847360); overriding with component recommendation.
05-07 18:14:49.166 27727  5657 W CCodec  : This behavior is subject to change. It is recommended that app developers double check whether the requested max input size is in reasonable range.
05-07 18:14:49.166 27727  5657 D CCodec  : encoding statistics level = 0
05-07 18:14:49.166 27727  5657 D CCodec  : setup formats input: AMessage(what = 0x00000000) = {
05-07 18:14:49.166 27727  5657 D CCodec  :   int32_t feature-secure-playback = 0
05-07 18:14:49.166 27727  5657 D CCodec  :   int32_t frame-rate = 30
05-07 18:14:49.166 27727  5657 D CCodec  :   int32_t height = 720
05-07 18:14:49.166 27727  5657 D CCodec  :   int32_t max-input-size = 8847360
05-07 18:14:49.166 27727  5657 D CCodec  :   string mime = "video/hevc"
05-07 18:14:49.166 27727  5657 D CCodec  :   int32_t priority = 0
05-07 18:14:49.166 27727  5657 D CCodec  :   int32_t profile = 1
05-07 18:14:49.166 27727  5657 D CCodec  :   int32_t width = 1560
05-07 18:14:49.166 27727  5657 D CCodec  :   Rect crop(0, 0, 1559, 719)
05-07 18:14:49.166 27727  5657 D CCodec  :   int32_t level = 1024
05-07 18:14:49.166 27727  5657 D CCodec  : }
05-07 18:14:49.166 27727  5657 D CCodec  : setup formats output: AMessage(what = 0x00000000) = {
05-07 18:14:49.166 27727  5657 D CCodec  :   int32_t android._color-format = 2135033992
05-07 18:14:49.166 27727  5657 D CCodec  :   int32_t android._video-scaling = 1
05-07 18:14:49.166 27727  5657 D CCodec  :   int32_t android._dataspace = 12648448
05-07 18:14:49.166 27727  5657 D CCodec  :   int32_t color-standard = 130816
05-07 18:14:49.166 27727  5657 D CCodec  :   int32_t color-range = 0
05-07 18:14:49.166 27727  5657 D CCodec  :   int32_t color-transfer = 65791
05-07 18:14:49.166 27727  5657 D CCodec  :   int32_t sar-height = 1
05-07 18:14:49.166 27727  5657 D CCodec  :   int32_t rotation-degrees = 0
05-07 18:14:49.166 27727  5657 D CCodec  :   Buffer hdr-static-info = {
05-07 18:14:49.166 27727  5657 D CCodec  :     00000000:  00 00 00 00 00 00 00 00  00 00 00 00 00 00 00 00  ................
05-07 18:14:49.166 27727  5657 D CCodec  :     00000010:  00 00 00 00 00 00 00 00  00                       .........
05-07 18:14:49.166 27727  5657 D CCodec  :   }
05-07 18:14:49.166 27727  5657 D CCodec  :   int32_t sar-width = 1
05-07 18:14:49.166 27727  5657 D CCodec  :   Rect crop(0, 0, 1559, 719)
05-07 18:14:49.166 27727  5657 D CCodec  :   int32_t width = 1560
05-07 18:14:49.166 27727  5657 D CCodec  :   int32_t feature-secure-playback = 0
05-07 18:14:49.166 27727  5657 D CCodec  :   int32_t frame-rate = 30
05-07 18:14:49.166 27727  5657 D CCodec  :   Buffer hdr10-plus-info = {
05-07 18:14:49.166 27727  5657 D CCodec  :   }
05-07 18:14:49.166 27727  5657 D CCodec  :   int32_t height = 720
05-07 18:14:49.166 27727  5657 D CCodec  :   int32_t max-height = 4320
