--------- beginning of main
05-07 18:14:42.825 27727 27727 I rJP.BlueArchive: Using CollectorTypeCC GC.
05-07 18:14:42.838 27727 27727 E rJP.BlueArchive: Not starting debugger since process cannot load the jdwp agent.
05-07 18:14:42.844 27727 27727 I MessageMonitor: Load libmiui_runtime
05-07 18:14:42.855 27727 27727 D CompatibilityChangeReporter: Compat change id reported: 171979766; UID 10730; state: ENABLED
05-07 18:14:42.881 27727 27727 W ziparchive: Unable to open '/data/app/~~5Zaly60tUR3WreCPzmMaMg==/com.YostarJP.BlueArchive-niblIkQ4Up-IH53M3E4HQw==/split_UnityDataAssetPack.dm': No such file or directory
05-07 18:14:42.881 27727 27727 W ziparchive: Unable to open '/data/app/~~5Zaly60tUR3WreCPzmMaMg==/com.YostarJP.BlueArchive-niblIkQ4Up-IH53M3E4HQw==/split_UnityDataAssetPack.dm': No such file or directory
05-07 18:14:42.882 27727 27727 W rJP.BlueArchive: Entry not found
05-07 18:14:42.884 27727 27727 W ziparchive: Unable to open '/data/app/~~5Zaly60tUR3WreCPzmMaMg==/com.YostarJP.BlueArchive-niblIkQ4Up-IH53M3E4HQw==/split_config.arm64_v8a.dm': No such file or directory
05-07 18:14:42.884 27727 27727 W ziparchive: Unable to open '/data/app/~~5Zaly60tUR3WreCPzmMaMg==/com.YostarJP.BlueArchive-niblIkQ4Up-IH53M3E4HQw==/split_config.arm64_v8a.dm': No such file or directory
05-07 18:14:42.885 27727 27727 W rJP.BlueArchive: Entry not found
05-07 18:14:42.887 27727 27727 D nativeloader: Configuring clns-4 for other apk /data/app/~~5Zaly60tUR3WreCPzmMaMg==/com.YostarJP.BlueArchive-niblIkQ4Up-IH53M3E4HQw==/base.apk:/data/app/~~5Zaly60tUR3WreCPzmMaMg==/com.YostarJP.BlueArchive-niblIkQ4Up-IH53M3E4HQw==/split_UnityDataAssetPack.apk:/data/app/~~5Zaly60tUR3WreCPzmMaMg==/com.YostarJP.BlueArchive-niblIkQ4Up-IH53M3E4HQw==/split_config.arm64_v8a.apk. target_sdk_version=33, uses_libraries=, library_path=/data/app/~~5Zaly60tUR3WreCPzmMaMg==/com.YostarJP.BlueArchive-niblIkQ4Up-IH53M3E4HQw==/lib/arm64:/data/app/~~5Zaly60tUR3WreCPzmMaMg==/com.YostarJP.BlueArchive-niblIkQ4Up-IH53M3E4HQw==/base.apk!/lib/arm64-v8a:/data/app/~~5Zaly60tUR3WreCPzmMaMg==/com.YostarJP.BlueArchive-niblIkQ4Up-IH53M3E4HQw==/split_UnityDataAssetPack.apk!/lib/arm64-v8a:/data/app/~~5Zaly60tUR3WreCPzmMaMg==/com.YostarJP.BlueArchive-niblIkQ4Up-IH53M3E4HQw==/split_config.arm64_v8a.apk!/lib/arm64-v8a, permitted_path=/data:/mnt/expand:/data/user/0/com.YostarJP.BlueArchive
05-07 18:14:42.906 27727 27727 I Perf    : Connecting to perf service.
05-07 18:14:42.915 27727 27727 V GraphicsEnvironment: ANGLE Developer option for 'com.YostarJP.BlueArchive' set to: 'default'
05-07 18:14:42.915 27727 27727 V GraphicsEnvironment: ANGLE GameManagerService for com.YostarJP.BlueArchive: false
05-07 18:14:42.916 27727 27727 V GraphicsEnvironment: Updatable production driver is not supported on the device.
05-07 18:14:42.925 27727 27727 I ForceDarkHelperStubImpl: initialize for com.YostarJP.BlueArchive , ForceDarkAppConfig: null
05-07 18:14:42.927 27727 27727 D rJP.BlueArchive: JNI_OnLoad success
05-07 18:14:42.927 27727 27727 I MiuiForceDarkConfig: setConfig density:2.750000, mainRule:0, secondaryRule:0, tertiaryRule:0
05-07 18:14:42.931 27727 27727 D NetworkSecurityConfig: Using Network Security Config from resource airisdk_network_security_config debugBuild: false
05-07 18:14:42.932 27727 27727 D NetworkSecurityConfig: Using Network Security Config from resource airisdk_network_security_config debugBuild: false
05-07 18:14:42.933 27727 27727 I MultiDex: VM with version 2.1.0 has multidex support
05-07 18:14:42.933 27727 27727 I MultiDex: Installing application
05-07 18:14:42.933 27727 27727 I MultiDex: VM has multidex support, MultiDex support library is disabled.
05-07 18:14:42.937 27727 27727 D CompatibilityChangeReporter: Compat change id reported: 183155436; UID 10730; state: ENABLED
05-07 18:14:42.938 27727 27727 W ComponentDiscovery: Class com.google.firebase.iid.Registrar is not an found.
05-07 18:14:42.938 27727 27727 I FirebaseApp: Device unlocked: initializing all Firebase APIs for app [DEFAULT]
05-07 18:14:42.959 27727 27727 I FirebaseInitProvider: FirebaseApp initialization successful
05-07 18:14:42.961 27727  5248 D AppScoutStateMachine: 27727-ScoutStateMachinecreated
05-07 18:14:42.967 27727 27727 I FacebookInitProvider: Failed to auto initialize the Facebook SDK
05-07 18:14:42.967 27727 27727 I FacebookInitProvider: A valid Facebook app id must be set in the AndroidManifest.xml or set by calling FacebookSdk.setApplicationId before initializing the sdk.
05-07 18:14:42.967 27727 27727 I FacebookInitProvider: 	at com.facebook.FacebookSdk.sdkInitialize(FacebookSdk.kt:442)
05-07 18:14:42.967 27727 27727 I FacebookInitProvider: 	at com.facebook.FacebookSdk.sdkInitialize(FacebookSdk.kt:402)
05-07 18:14:42.967 27727 27727 I FacebookInitProvider: 	at com.facebook.internal.FacebookInitProvider.onCreate(FacebookInitProvider.kt:21)
05-07 18:14:42.967 27727 27727 I FacebookInitProvider: 	at android.content.ContentProvider.attachInfo(ContentProvider.java:2468)
05-07 18:14:42.967 27727 27727 I FacebookInitProvider: 	at android.content.ContentProvider.attachInfo(ContentProvider.java:2433)
05-07 18:14:42.967 27727 27727 I FacebookInitProvider: 	at android.app.ActivityThread.installProvider(ActivityThread.java:7832)
05-07 18:14:42.967 27727 27727 I FacebookInitProvider: 	at android.app.ActivityThread.installContentProviders(ActivityThread.java:7343)
05-07 18:14:42.967 27727 27727 I FacebookInitProvider: 	at android.app.ActivityThread.handleBindApplication(ActivityThread.java:7076)
05-07 18:14:42.967 27727 27727 I FacebookInitProvider: 	at android.app.ActivityThread.-$$Nest$mhandleBindApplication(Unknown Source:0)
05-07 18:14:42.967 27727 27727 I FacebookInitProvider: 	at android.app.ActivityThread$H.handleMessage(ActivityThread.java:2215)
05-07 18:14:42.967 27727 27727 I FacebookInitProvider: 	at android.os.Handler.dispatchMessage(Handler.java:106)
05-07 18:14:42.967 27727 27727 I FacebookInitProvider: 	at android.os.Looper.loopOnce(Looper.java:210)
05-07 18:14:42.967 27727 27727 I FacebookInitProvider: 	at android.os.Looper.loop(Looper.java:299)
05-07 18:14:42.967 27727 27727 I FacebookInitProvider: 	at android.app.ActivityThread.main(ActivityThread.java:8261)
05-07 18:14:42.967 27727 27727 I FacebookInitProvider: 	at java.lang.reflect.Method.invoke(Native Method)
05-07 18:14:42.967 27727 27727 I FacebookInitProvider: 	at com.android.internal.os.RuntimeInit$MethodAndArgsCaller.run(RuntimeInit.java:559)
05-07 18:14:42.967 27727 27727 I FacebookInitProvider: 	at com.android.internal.os.ZygoteInit.main(ZygoteInit.java:954)
05-07 18:14:42.979 27727 27727 D MiuiMultiWindowAdapter: MiuiMultiWindowAdapter::getFreeformVideoWhiteListInSystem::LIST_ABOUT_SUPPORT_LANDSCAPE_VIDEO = [com.hunantv.imgo.activity, com.tencent.qqlive, com.qiyi.video, com.hunantv.imgo.activity.inter, com.tencent.qqlivei18n, com.iqiyi.i18n, tv.danmaku.bili]
05-07 18:14:42.989 27727 27727 W libc    : Access denied finding property "ro.vendor.df.effect.conflict"
05-07 18:14:42.986 27727 27727 W rJP.BlueArchive: type=1400 audit(0.0:567593): avc: denied { read } for name="u:object_r:vendor_displayfeature_prop:s0" dev="tmpfs" ino=13206 scontext=u:r:untrusted_app:s0:c218,c258,c512,c768 tcontext=u:object_r:vendor_displayfeature_prop:s0 tclass=file permissive=0 app=com.zzkko
05-07 18:14:42.993 27727 27727 D IS_CTS_MODE: false
05-07 18:14:42.993 27727 27727 D MULTI_WINDOW_ENABLED: false
05-07 18:14:42.996 27727 27727 D DecorView[]: getWindowModeFromSystem  windowmode is 1
05-07 18:14:43.085 27727 27727 I IL2CPP  : JNI_OnLoad
05-07 18:14:43.090 27727  5265 I DynamiteModule: Considering local module com.google.android.gms.measurement.dynamite:20 and remote module com.google.android.gms.measurement.dynamite:109
05-07 18:14:43.090 27727  5265 I DynamiteModule: Selected remote version of com.google.android.gms.measurement.dynamite, version >= 109
05-07 18:14:43.090 27727  5265 V DynamiteModule: Dynamite loader version >= 2, using loadModule2NoCrashUtils
05-07 18:14:43.099 27727  5265 W System  : ClassLoader referenced unknown path: 
05-07 18:14:43.102 27727  5265 D nativeloader: Configuring clns-5 for other apk . target_sdk_version=34, uses_libraries=, library_path=/data/app/~~-XqLzXuiCh3VynuF6EZmow==/com.google.android.gms-eGEJmnp8_oinvlPFsnab4Q==/lib/arm64:/data/app/~~-XqLzXuiCh3VynuF6EZmow==/com.google.android.gms-eGEJmnp8_oinvlPFsnab4Q==/base.apk!/lib/arm64-v8a, permitted_path=/data:/mnt/expand:/data/user/0/com.google.android.gms
05-07 18:14:43.121 27727  5265 W rJP.BlueArchive: ClassLoaderContext classpath size mismatch. expected=12, found=2 (DLC[];PCL[base.apk*2131690175:base.apk!classes2.dex*3269580842:base.apk!classes3.dex*3071481980:base.apk!classes4.dex*3570299855:base.apk!classes5.dex*235059034:base.apk!classes6.dex*3602863459:base.apk!classes7.dex*3513713361:base.apk!classes8.dex*4030071655:base.apk!classes9.dex*3050769254:base.apk!classes10.dex*2903050472:base.apk!classes11.dex*2829620743:base.apk!classes12.dex*2622705147]{PCL[/system/framework/org.apache.http.legacy.jar*659110244]#PCL[/system/framework/com.android.media.remotedisplay.jar*3743104115]#PCL[/system/framework/com.android.location.provider.jar*3175360615]#PCL[/system/framework/org.apache.http.legacy.jar*659110244]} | DLC[];PCL[/data/app/~~5Zaly60tUR3WreCPzmMaMg==/com.YostarJP.BlueArchive-niblIkQ4Up-IH53M3E4HQw==/base.apk*3954057436:/data/app/~~5Zaly60tUR3WreCPzmMaMg==/com.YostarJP.BlueArchive-niblIkQ4Up-IH53M3E4HQw==/base.apk!classes2.dex*4223068073])
--------- beginning of system
05-07 18:14:43.124 27727 27727 I ForceDarkHelperStubImpl: setViewRootImplForceDark: false for com.yostarjp.bluearchive.MxUnityPlayerActivity@8088448, reason: AppDarkModeEnable
05-07 18:14:43.125 27727 27727 D DecorView[]: getWindowModeFromSystem  windowmode is 1
05-07 18:14:43.125 27727 27727 D DecorView[]: updateDecorCaptionStatus windowMode is 1
05-07 18:14:43.157 27727  5278 I AdrenoGLES-0: QUALCOMM build                   : 329cf4c2a7, I63533b1e29
05-07 18:14:43.157 27727  5278 I AdrenoGLES-0: Build Date                       : 01/31/23
05-07 18:14:43.157 27727  5278 I AdrenoGLES-0: OpenGL ES Shader Compiler Version: EV031.35.01.12
05-07 18:14:43.157 27727  5278 I AdrenoGLES-0: Local Branch                     : 
05-07 18:14:43.157 27727  5278 I AdrenoGLES-0: Remote Branch                    : refs/tags/AU_LINUX_ANDROID_LA.UM.9.14.11.00.00.571.148
05-07 18:14:43.157 27727  5278 I AdrenoGLES-0: Remote Branch                    : NONE
05-07 18:14:43.157 27727  5278 I AdrenoGLES-0: Reconstruct Branch               : NOTHING
05-07 18:14:43.157 27727  5278 I AdrenoGLES-0: Build Config                     : S P 10.0.7 AArch64
05-07 18:14:43.157 27727  5278 I AdrenoGLES-0: Driver Path                      : /vendor/lib64/egl/libGLESv2_adreno.so
05-07 18:14:43.160 27727 27727 D SurfaceView: UPDATE null, mIsCastMode = false
05-07 18:14:43.162 27727 27727 E SurfaceSyncer: Failed to find sync for id=0
05-07 18:14:43.172 27727  5278 I AdrenoGLES-0: PFP: 0x016dc094, ME: 0x00000000
05-07 18:14:43.196 27727  5303 E rJP.BlueArchive: No package ID 79 found for ID 0x790b0007.
05-07 18:14:43.196 27727  5303 E rJP.BlueArchive: No package ID 79 found for ID 0x790b0007.
05-07 18:14:43.196 27727  5303 I FA      : App measurement initialized, version: 89019
05-07 18:14:43.196 27727  5303 I FA      : To enable debug logging run: adb shell setprop log.tag.FA VERBOSE
05-07 18:14:43.196 27727  5303 I FA      : To enable faster debug mode event logging run:
05-07 18:14:43.196 27727  5303 I FA      :   adb shell setprop debug.firebase.analytics.app com.YostarJP.BlueArchive
05-07 18:14:43.206 27727  5278 W libc    : Access denied finding property "vendor.migl.debug"
05-07 18:14:43.210 27727  5278 E libEGL  : pre_cache appList: ,,
05-07 18:14:43.217 27727  5303 I FA      : Tag Manager is not found and thus will not be used
05-07 18:14:43.222 27727  5278 D rJP.BlueArchive: MiuiProcessManagerServiceStub setSchedFifo
05-07 18:14:43.222 27727  5278 I MiuiProcessManagerImpl: setSchedFifo pid:27727, mode:3
05-07 18:14:43.234 27727  5278 W Parcel  : Expecting binder but got null!
05-07 18:14:43.234 27727 27727 D SurfaceView: UPDATE Surface(name=SurfaceView[com.YostarJP.BlueArchive/com.yostarjp.bluearchive.MxUnityPlayerActivity])/@0xa8b4f6d, mIsProjectionMode = false
05-07 18:14:43.234 27727 27727 D SurfaceControl: nativeSetScreenProjection ===> setScreenProjection
05-07 18:14:43.234 27727 27727 D SurfaceControl: nativeSetScreenProjection ===> setScreenProjection
05-07 18:14:43.235 27727 27727 D SurfaceControl: nativeSetScreenProjection ===> setScreenProjection
05-07 18:14:43.249 27727 27727 E SurfaceSyncer: Failed to find sync for id=0
05-07 18:14:43.257 27727 27727 D DecorView[]: onWindowFocusChanged hasWindowFocus true
05-07 18:14:43.257 27727 27727 I HandWritingStubImpl: refreshLastKeyboardType: 1
05-07 18:14:43.257 27727 27727 I HandWritingStubImpl: getCurrentKeyboardType: 1
05-07 18:14:43.264 27727  5291 I Unity   : MemoryManager: Using 'Dynamic Heap' Allocator.
05-07 18:14:43.271 27727 27727 I HandWritingStubImpl: getCurrentKeyboardType: 1
05-07 18:14:43.433 27727  5291 I PlayCore: UID: [10730]  PID: [27727] AssetPackServiceListenerRegistry : registerListener
05-07 18:14:43.441 27727  5291 I PlayCore: UID: [10730]  PID: [27727] AssetPackServiceImpl : getPackStates([UnityDataAssetPack])
05-07 18:14:43.441 27727  5343 I PlayCore: UID: [10730]  PID: [27727] AssetPackServiceImpl : syncPacks
05-07 18:14:43.442 27727  5291 I PlayCore: UID: [10730]  PID: [27727] AssetPackServiceImpl : getPackStates([UnityStreamingAssetsPack])
05-07 18:14:43.442 27727  5344 I PlayCore: UID: [10730]  PID: [27727] AssetPackServiceImpl : Initiate binding to the service.
05-07 18:14:43.456 27727  5344 I PlayCore: UID: [10730]  PID: [27727] AssetPackServiceImpl : Waiting to bind to the service.
05-07 18:14:43.456 27727  5344 I PlayCore: UID: [10730]  PID: [27727] AssetPackServiceImpl : Waiting to bind to the service.
05-07 18:14:43.458 27727  5291 I Unity   : SystemInfo CPU = ARM64 FP ASIMD AES, Cores = 8, Memory = 7220mb
05-07 18:14:43.458 27727  5291 I Unity   : SystemInfo ARM big.LITTLE configuration: 4 big (mask: 0xf0), 4 little (mask: 0xf)
05-07 18:14:43.458 27727  5291 I Unity   : ApplicationInfo com.YostarJP.BlueArchive version 1.44.278134
05-07 18:14:43.458 27727  5291 I Unity   : Built from '2021.3/utk/support/nexon/2021.3.12f1/zd1736537' branch, Version '2021.3.12f1 (2b904c52209d)', Build type 'Release', Scripting Backend 'il2cpp', CPU 'arm64-v8a', Stripping 'Enabled'
05-07 18:14:43.481 27727 27727 D DecorView[]: getWindowModeFromSystem  windowmode is 1
05-07 18:14:43.481 27727 27727 D DecorView[]: updateDecorCaptionStatus windowMode is 1
05-07 18:14:43.499 27727 27727 I PlayCore: UID: [10730]  PID: [27727] AssetPackServiceImpl : ServiceConnectionImpl.onServiceConnected(ComponentInfo{com.android.vending/com.google.android.finsky.assetmoduleservice.AssetModuleService})
05-07 18:14:43.499 27727  5344 I PlayCore: UID: [10730]  PID: [27727] AssetPackServiceImpl : linkToDeath
05-07 18:14:43.572 27727  5247 I PlayCore: UID: [10730]  PID: [27727] AssetPackServiceImpl : onError(-2)
05-07 18:14:43.573 27727  5344 I PlayCore: UID: [10730]  PID: [27727] AssetPackServiceImpl : Unbind from service.
05-07 18:14:43.581 27727  5247 I PlayCore: UID: [10730]  PID: [27727] AssetPackServiceImpl : onError(-2)
05-07 18:14:43.581 27727  5306 I PlayCore: UID: [10730]  PID: [27727] AssetPackServiceImpl : onGetSessionStates
05-07 18:14:44.226 27727 27727 W rJP.BlueArchive: type=1400 audit(0.0:567595): avc: granted { execute } for path="/data/data/com.YostarJP.BlueArchive/xsariel_arm64.xem" dev="dm-44" ino=2565169 scontext=u:r:untrusted_app:s0:c218,c258,c512,c768 tcontext=u:object_r:app_data_file:s0:c218,c258,c512,c768 tclass=file app=com.zzkko
05-07 18:14:44.248 27727  5291 I Unity   : Company Name: NatGames
05-07 18:14:44.248 27727  5291 I Unity   : Product Name: ブルアカ
05-07 18:14:44.261 27727  5291 D vulkan  : searching for layers in '/data/app/~~5Zaly60tUR3WreCPzmMaMg==/com.YostarJP.BlueArchive-niblIkQ4Up-IH53M3E4HQw==/lib/arm64'
05-07 18:14:44.261 27727  5291 D vulkan  : searching for layers in '/data/app/~~5Zaly60tUR3WreCPzmMaMg==/com.YostarJP.BlueArchive-niblIkQ4Up-IH53M3E4HQw==/base.apk!/lib/arm64-v8a'
05-07 18:14:44.261 27727  5291 D vulkan  : searching for layers in '/data/app/~~5Zaly60tUR3WreCPzmMaMg==/com.YostarJP.BlueArchive-niblIkQ4Up-IH53M3E4HQw==/split_UnityDataAssetPack.apk!/lib/arm64-v8a'
05-07 18:14:44.261 27727  5291 D vulkan  : searching for layers in '/data/app/~~5Zaly60tUR3WreCPzmMaMg==/com.YostarJP.BlueArchive-niblIkQ4Up-IH53M3E4HQw==/split_config.arm64_v8a.apk!/lib/arm64-v8a'
05-07 18:14:44.268 27727  5291 I AdrenoVK-0: ===== BEGIN DUMP OF OVERRIDDEN SETTINGS =====
05-07 18:14:44.268 27727  5291 I AdrenoVK-0: ===== END DUMP OF OVERRIDDEN SETTINGS =====
05-07 18:14:44.268 27727  5291 I AdrenoVK-0: QUALCOMM build          : 329cf4c2a7, I63533b1e29
05-07 18:14:44.268 27727  5291 I AdrenoVK-0: Build Date              : 01/31/23
05-07 18:14:44.268 27727  5291 I AdrenoVK-0: Shader Compiler Version : EV031.35.01.12
05-07 18:14:44.268 27727  5291 I AdrenoVK-0: Local Branch            : 
05-07 18:14:44.268 27727  5291 I AdrenoVK-0: Remote Branch           : refs/tags/AU_LINUX_ANDROID_LA.UM.9.14.11.00.00.571.148
05-07 18:14:44.268 27727  5291 I AdrenoVK-0: Remote Branch           : NONE
05-07 18:14:44.268 27727  5291 I AdrenoVK-0: Reconstruct Branch      : NOTHING
05-07 18:14:44.268 27727  5291 I AdrenoVK-0: Build Config            : S P 10.0.7 AArch64
05-07 18:14:44.268 27727  5291 I AdrenoVK-0: Driver Path             : /vendor/lib64/hw/vulkan.adreno.so
05-07 18:14:44.270 27727  5291 I AdrenoVK-0: QUALCOMM build          : 329cf4c2a7, I63533b1e29
05-07 18:14:44.270 27727  5291 I AdrenoVK-0: Build Date              : 01/31/23
05-07 18:14:44.270 27727  5291 I AdrenoVK-0: Shader Compiler Version : EV031.35.01.12
05-07 18:14:44.270 27727  5291 I AdrenoVK-0: Local Branch            : 
05-07 18:14:44.270 27727  5291 I AdrenoVK-0: Remote Branch           : refs/tags/AU_LINUX_ANDROID_LA.UM.9.14.11.00.00.571.148
05-07 18:14:44.270 27727  5291 I AdrenoVK-0: Remote Branch           : NONE
05-07 18:14:44.270 27727  5291 I AdrenoVK-0: Reconstruct Branch      : NOTHING
05-07 18:14:44.270 27727  5291 I AdrenoVK-0: Build Config            : S P 10.0.7 AArch64
05-07 18:14:44.270 27727  5291 I AdrenoVK-0: Driver Path             : /vendor/lib64/hw/vulkan.adreno.so
05-07 18:14:44.288 27727  5291 E qdgralloc: GetGpuPixelFormat: No map for format: 0x38
05-07 18:14:44.288 27727  5291 E AdrenoUtils: <validate_memory_layout_input_parmas:1970>: Unknown Format 0
05-07 18:14:44.288 27727  5291 E AdrenoUtils: <adreno_init_memory_layout:4720>: Memory Layout input parameter validation failed!
05-07 18:14:44.288 27727  5291 E qdgralloc: GetGpuResourceSizeAndDimensions Graphics metadata init failed
05-07 18:14:44.288 27727  5291 E Gralloc4: isSupported(1, 1, 56, 1, ...) failed with 1
05-07 18:14:44.289 27727  5291 E GraphicBufferAllocator: Failed to allocate (4 x 4) layerCount 1 format 56 usage b00: 1
05-07 18:14:44.289 27727  5291 E AHardwareBuffer: GraphicBuffer(w=4, h=4, lc=1) failed (Unknown error -1), handle=0x0
05-07 18:14:44.289 27727  5291 E qdgralloc: GetGpuPixelFormat: No map for format: 0x38
05-07 18:14:44.289 27727  5291 E AdrenoUtils: <validate_memory_layout_input_parmas:1970>: Unknown Format 0
05-07 18:14:44.289 27727  5291 E AdrenoUtils: <adreno_init_memory_layout:4720>: Memory Layout input parameter validation failed!
05-07 18:14:44.289 27727  5291 E qdgralloc: GetGpuResourceSizeAndDimensions Graphics metadata init failed
05-07 18:14:44.289 27727  5291 E Gralloc4: isSupported(1, 1, 56, 1, ...) failed with 1
05-07 18:14:44.289 27727  5291 E GraphicBufferAllocator: Failed to allocate (4 x 4) layerCount 1 format 56 usage b00: 1
05-07 18:14:44.289 27727  5291 E AHardwareBuffer: GraphicBuffer(w=4, h=4, lc=1) failed (Unknown error -1), handle=0x0
05-07 18:14:44.302 27727  5291 V MediaRouter: Selecting route: RouteInfo{ name=モバイル デバイス, description=null, status=null, category=RouteCategory{ name=システム types=ROUTE_TYPE_LIVE_AUDIO ROUTE_TYPE_LIVE_VIDEO  groupable=false }, supportedTypes=ROUTE_TYPE_LIVE_AUDIO ROUTE_TYPE_LIVE_VIDEO , presentationDisplay=null }
05-07 18:14:44.303 27727  5291 I MediaRouter: Skip setBluetoothA2dpOn(): types=8388615, isPlaybackActive()=false, BT route=null
05-07 18:14:44.312 27727  5291 W AidlConversion: aidl2legacy_AudioChannelLayout_audio_channel_mask_t: no legacy output audio_channel_mask_t found for AudioChannelLayout{layoutMask: 16}
05-07 18:14:44.323 27727  5291 D rJP.BlueArchive: PlayerBase::PlayerBase()
05-07 18:14:44.324 27727  5291 D rJP.BlueArchive: TrackPlayerBase::TrackPlayerBase()
05-07 18:14:44.324 27727  5291 I libOpenSLES: Emulating old channel mask behavior (ignoring positional mask 0x3, using default mask 0x3 based on channel count of 2)
05-07 18:14:44.324 27727  5291 D AudioTrack: set(sessionId=14937)
05-07 18:14:44.324 27727  5291 D AudioTrack: set(): streamType 3, sampleRate 48000, format 0x1, channelMask 0x3, frameCount 0, flags #104, notificationFrames -21, sessionId 14937, transferType 0, uid -1, pid -1
05-07 18:14:44.324 27727  5291 W AudioTrack: set(): notificationFrames=-21 clamped to the range -1 to -8
05-07 18:14:44.334 27727 27727 W Thread-7: type=1400 audit(0.0:567596): avc: granted { execute } for path="/data/data/com.YostarJP.BlueArchive/xraphael_arm64.xem" dev="dm-44" ino=2562101 scontext=u:r:untrusted_app:s0:c218,c258,c512,c768 tcontext=u:object_r:app_data_file:s0:c218,c258,c512,c768 tclass=file app=com.zzkko
05-07 18:14:44.351 27727  5291 I AudioTrack: createTrack_l(0): AUDIO_OUTPUT_FLAG_FAST successful; frameCount 0 -> 1536
05-07 18:14:44.357 27727  5291 D AudioTrack: start(2654): prior state:STATE_STOPPED
05-07 18:14:44.359 27727 27727 D MediaRouter: onRestoreRoute() : route=RouteInfo{ name=モバイル デバイス, description=null, status=null, category=RouteCategory{ name=システム types=ROUTE_TYPE_LIVE_AUDIO ROUTE_TYPE_LIVE_VIDEO  groupable=false }, supportedTypes=ROUTE_TYPE_LIVE_AUDIO ROUTE_TYPE_LIVE_VIDEO , presentationDisplay=null }
05-07 18:14:44.359 27727 27727 V MediaRouter: Selecting route: RouteInfo{ name=モバイル デバイス, description=null, status=null, category=RouteCategory{ name=システム types=ROUTE_TYPE_LIVE_AUDIO ROUTE_TYPE_LIVE_VIDEO  groupable=false }, supportedTypes=ROUTE_TYPE_LIVE_AUDIO ROUTE_TYPE_LIVE_VIDEO , presentationDisplay=null }
05-07 18:14:44.366 27727 27727 W Thread-7: type=1400 audit(0.0:567597): avc: granted { execute } for path="/data/data/com.YostarJP.BlueArchive/f37a1df81c8a93e443c876a4e55a46ed" dev="dm-44" ino=2404706 scontext=u:r:untrusted_app:s0:c218,c258,c512,c768 tcontext=u:object_r:app_data_file:s0:c218,c258,c512,c768 tclass=file app=com.zzkko
05-07 18:14:44.635 27727  5291 I IL2CPP  : Locale ja-JP
05-07 18:14:44.694 27727  5291 W Looper  : PerfMonitor longMsg : seq=8 plan=18:14:43.257 late=0ms wall=1437ms running=949ms runnable=117ms io=150ms h=android.os.Handler w=2269 procState=-1
05-07 18:14:44.699 27727  5291 E qdgralloc: GetGpuPixelFormat: No map for format: 0x38
05-07 18:14:44.699 27727  5291 E AdrenoUtils: <validate_memory_layout_input_parmas:1970>: Unknown Format 0
05-07 18:14:44.699 27727  5291 E AdrenoUtils: <adreno_init_memory_layout:4720>: Memory Layout input parameter validation failed!
05-07 18:14:44.699 27727  5291 E qdgralloc: GetGpuResourceSizeAndDimensions Graphics metadata init failed
05-07 18:14:44.699 27727  5291 E Gralloc4: isSupported(1, 1, 56, 1, ...) failed with 1
05-07 18:14:44.699 27727  5291 E GraphicBufferAllocator: Failed to allocate (4 x 4) layerCount 1 format 56 usage b00: 1
05-07 18:14:44.699 27727  5291 E AHardwareBuffer: GraphicBuffer(w=4, h=4, lc=1) failed (Unknown error -1), handle=0x0
05-07 18:14:44.699 27727  5291 E qdgralloc: GetGpuPixelFormat: No map for format: 0x38
05-07 18:14:44.699 27727  5291 E AdrenoUtils: <validate_memory_layout_input_parmas:1970>: Unknown Format 0
05-07 18:14:44.699 27727  5291 E AdrenoUtils: <adreno_init_memory_layout:4720>: Memory Layout input parameter validation failed!
05-07 18:14:44.699 27727  5291 E qdgralloc: GetGpuResourceSizeAndDimensions Graphics metadata init failed
05-07 18:14:44.699 27727  5291 E Gralloc4: isSupported(1, 1, 56, 1, ...) failed with 1
05-07 18:14:44.700 27727  5291 E GraphicBufferAllocator: Failed to allocate (4 x 4) layerCount 1 format 56 usage b00: 1
05-07 18:14:44.700 27727  5291 E AHardwareBuffer: GraphicBuffer(w=4, h=4, lc=1) failed (Unknown error -1), handle=0x0
05-07 18:14:44.881 27727  5291 I PlayCore: UID: [10730]  PID: [27727] AssetPackServiceListenerRegistry : unregisterListener
05-07 18:14:44.955 27727  5367 D MediaCodecList: codecHandlesFormat: no format, so no extra checks
05-07 18:14:44.955 27727  5367 D MediaCodecList: codecHandlesFormat: no format, so no extra checks
05-07 18:14:44.955 27727  5367 D MediaCodecList: codecHandlesFormat: no format, so no extra checks
05-07 18:14:44.967 27727  5367 I MediaCodec: init video box disabled for codec not supported
05-07 18:14:44.969 27727  5469 D CCodec  : allocate(c2.qti.hevc.decoder)
05-07 18:14:44.973 27727  5469 I Codec2Client: Available Codec2 services: "default" "dolby" "ozoaudio" "software"
05-07 18:14:44.984 27727  5469 I CCodec  : setting up 'default' as default (vendor) store
05-07 18:14:45.017 27727  5469 I CCodec  : Created component [c2.qti.hevc.decoder]
05-07 18:14:45.017 27727  5469 D CCodecConfig: read media type: video/hevc
05-07 18:14:45.018 27727  5469 D ReflectedParamUpdater: extent() != 1 for single value type: vendor.qti-ext-dec-info-misr.misr_info_top_field.misr_dpb_luma
05-07 18:14:45.019 27727  5469 D ReflectedParamUpdater: extent() != 1 for single value type: vendor.qti-ext-dec-info-misr.misr_info_top_field.misr_dpb_chroma
05-07 18:14:45.019 27727  5469 D ReflectedParamUpdater: extent() != 1 for single value type: vendor.qti-ext-dec-info-misr.misr_info_top_field.misr_opb_luma
05-07 18:14:45.019 27727  5469 D ReflectedParamUpdater: extent() != 1 for single value type: vendor.qti-ext-dec-info-misr.misr_info_top_field.misr_opb_chroma
05-07 18:14:45.019 27727  5469 D ReflectedParamUpdater: extent() != 1 for single value type: vendor.qti-ext-dec-info-misr.misr_info_bottom_field.misr_dpb_luma
05-07 18:14:45.019 27727  5469 D ReflectedParamUpdater: extent() != 1 for single value type: vendor.qti-ext-dec-info-misr.misr_info_bottom_field.misr_dpb_chroma
05-07 18:14:45.019 27727  5469 D ReflectedParamUpdater: extent() != 1 for single value type: vendor.qti-ext-dec-info-misr.misr_info_bottom_field.misr_opb_luma
05-07 18:14:45.019 27727  5469 D ReflectedParamUpdater: extent() != 1 for single value type: vendor.qti-ext-dec-info-misr.misr_info_bottom_field.misr_opb_chroma
05-07 18:14:45.020 27727  5469 D ReflectedParamUpdater: ignored struct field vendor.qti-ext-dec-panscan.window
05-07 18:14:45.024 27727  5469 D ReflectedParamUpdater: extent() != 1 for single value type: output.buffers.pool-ids.values
05-07 18:14:45.025 27727  5469 D CCodecConfig: ignoring local param raw.size (0xd2001800) as it is already supported
05-07 18:14:45.026 27727  5469 D CCodecConfig: ignoring local param default.color (0x5200180b) as it is already supported
05-07 18:14:45.026 27727  5469 D CCodecConfig: ignoring local param raw.hdr-static-info (0xd200180a) as it is already supported
05-07 18:14:45.027 27727  5469 I CCodecConfig: query failed after returning 18 values (BAD_INDEX)
05-07 18:14:45.028 27727  5469 D CCodecConfig: c2 config diff is Dict {
05-07 18:14:45.028 27727  5469 D CCodecConfig:   c2::i32 algo.priority.value = 0
05-07 18:14:45.028 27727  5469 D CCodecConfig:   c2::float algo.rate.value = 30
05-07 18:14:45.028 27727  5469 D CCodecConfig:   c2::u32 algo.secure-mode.value = 0
05-07 18:14:45.028 27727  5469 D CCodecConfig:   c2::float coded.frame-rate.value = 30
05-07 18:14:45.028 27727  5469 D CCodecConfig:   c2::u32 coded.pl.level = 0
05-07 18:14:45.028 27727  5469 D CCodecConfig:   c2::u32 coded.pl.profile = 24576
05-07 18:14:45.028 27727  5469 D CCodecConfig:   c2::u32 coded.vui.color.matrix = 255
05-07 18:14:45.028 27727  5469 D CCodecConfig:   c2::u32 coded.vui.color.primaries = 0
05-07 18:14:45.028 27727  5469 D CCodecConfig:   c2::u32 coded.vui.color.range = 0
05-07 18:14:45.028 27727  5469 D CCodecConfig:   c2::u32 coded.vui.color.transfer = 255
05-07 18:14:45.028 27727  5469 D CCodecConfig:   c2::u32 default.color.matrix = 0
05-07 18:14:45.028 27727  5469 D CCodecConfig:   c2::u32 default.color.primaries = 0
05-07 18:14:45.028 27727  5469 D CCodecConfig:   c2::u32 default.color.range = 0
05-07 18:14:45.028 27727  5469 D CCodecConfig:   c2::u32 default.color.transfer = 0
05-07 18:14:45.028 27727  5469 D CCodecConfig:   c2::u32 input.buffers.max-size.value = 8847360
05-07 18:14:45.028 27727  5469 D CCodecConfig:   c2::u32 input.delay.value = 0
05-07 18:14:45.028 27727  5469 D CCodecConfig:   string input.media-type.value = "video/hevc"
05-07 18:14:45.028 27727  5469 D CCodecConfig:   c2::u32 output.delay.value = 9
05-07 18:14:45.028 27727  5469 D CCodecConfig:   Buffer output.hdr10-plus-info.value = {
05-07 18:14:45.028 27727  5469 D CCodecConfig:   }
05-07 18:14:45.028 27727  5469 D CCodecConfig:   string output.media-type.value = "video/raw"
05-07 18:14:45.028 27727  5469 D CCodecConfig:   c2::u32 raw.color.matrix = 255
05-07 18:14:45.028 27727  5469 D CCodecConfig:   c2::u32 raw.color.primaries = 0
05-07 18:14:45.028 27727  5469 D CCodecConfig:   c2::u32 raw.color.range = 0
05-07 18:14:45.028 27727  5469 D CCodecConfig:   c2::u32 raw.color.transfer = 255
05-07 18:14:45.028 27727  5469 D CCodecConfig:   c2::float raw.hdr-static-info.mastering.blue.x = 0
05-07 18:14:45.028 27727  5469 D CCodecConfig:   c2::float raw.hdr-static-info.mastering.blue.y = 
05-07 18:14:45.028 27727  5469 W ColorUtils: expected specified color aspects (0:0:255:255)
05-07 18:14:45.038 27727  5367 D VideoInfo: com.YostarJP.BlueArchive create c2.qti.hevc.decoder in MediaCodec
05-07 18:14:45.038 27727  5367 I MediaCodec: fps video to display enabled
05-07 18:14:45.038 27727  5367 I MiMediaCodecStub: MiMediaCodecStub::MiMediaCodecStub
05-07 18:14:45.041 27727  5367 I MediaCodec: The Fps from player is 30.000000  frameRateFloat 30.000000 frameRateInt 30
05-07 18:14:45.041 27727  5367 I MediaCodec: MediaStub sendFrameRate
05-07 18:14:45.096 27727 27727 D DecorView[]: getWindowModeFromSystem  windowmode is 1
05-07 18:14:45.096 27727 27727 D DecorView[]: updateDecorCaptionStatus windowMode is 1
05-07 18:14:45.097 27727  5367 V MediaStub: MediaStub::GetImplInstance for debug create,0x799e5f56b8
05-07 18:14:45.097 27727  5367 D MediaImpl: MediaImpl::sendFrameRate: 30
05-07 18:14:45.098 27727  5367 I MediaCodec: MediaStub sendMine
05-07 18:14:45.098 27727  5367 D MediaImpl: MediaImpl::sendMine: video/hevc
05-07 18:14:45.098 27727  5367 D MediaStub: MediaStub::sendMine video/hevc
05-07 18:14:45.098 27727  5367 D MediaCodec: currery video type video/hevc
05-07 18:14:45.098 27727  5367 I MediaCodec: MediaStub sendDolbyVision
05-07 18:14:45.098 27727  5367 I MediaCodec: MediaStub sendPackageName
05-07 18:14:45.098 27727  5367 D MediaImpl: MediaImpl::sendPackageName: com.YostarJP.BlueArchive
05-07 18:14:45.098 27727  5367 D MediaStub: MediaStub::sendPackageName com.YostarJP.BlueArchive
05-07 18:14:45.098 27727  5367 I MediaCodec: MediaStub sendWidth/sendHeight
05-07 18:14:45.098 27727  5367 I MediaCodec: configure : init video box disabled
05-07 18:14:45.098 27727  5443 D MediaCodec: flushMediametrics
05-07 18:14:45.099 27727  5469 D CCodec  : [c2.qti.hevc.decoder] buffers are bound to CCodec for this session
05-07 18:14:45.099 27727  5469 D CCodec  : Client requested ByteBuffer mode decoder w/o color format set: using default semi-planar color format
05-07 18:14:45.100 27727  5469 D CCodecConfig: no c2 equivalents for durationUs
05-07 18:14:45.100 27727  5469 D CCodecConfig: no c2 equivalents for frame-count
05-07 18:14:45.100 27727  5469 D CCodecConfig: no c2 equivalents for track-id
05-07 18:14:45.100 27727  5469 D CCodecConfig: no c2 equivalents for language
05-07 18:14:45.100 27727  5469 D CCodecConfig: no c2 equivalents for display-width
05-07 18:14:45.100 27727  5469 D CCodecConfig: no c2 equivalents for display-height
05-07 18:14:45.100 27727  5469 D CCodecConfig: no c2 equivalents for android._is-hdr
05-07 18:14:45.100 27727  5469 D CCodecConfig: no c2 equivalents for color-standard
05-07 18:14:45.100 27727  5469 D CCodecConfig: no c2 equivalents for file-format
05-07 18:14:45.100 27727  5469 D CCodecConfig: no c2 equivalents for flags
05-07 18:14:45.104 27727  5469 D CCodecConfig: c2 config diff is   c2::u32 coded.pl.level = 24581
05-07 18:14:45.104 27727  5469 D CCodecConfig:   c2::u32 default.color.matrix = 1
05-07 18:14:45.104 27727  5469 D CCodecConfig:   c2::u32 default.color.primaries = 1
05-07 18:14:45.104 27727  5469 D CCodecConfig:   c2::u32 default.color.range = 2
05-07 18:14:45.104 27727  5469 D CCodecConfig:   c2::u32 default.color.transfer = 3
05-07 18:14:45.104 27727  5469 D CCodecConfig:   c2::u32 raw.pixel-format.value = 35
05-07 18:14:45.104 27727  5469 D CCodecConfig:   c2::u32 raw.size.height = 1080
05-07 18:14:45.104 27727  5469 D CCodecConfig:   c2::u32 raw.size.width = 1920
05-07 18:14:45.105 27727  5469 W ColorUtils: expected specified color aspects (0:0:255:255)
05-07 18:14:45.106 27727  5469 W Codec2Client: query -- param skipped: index = 1107298332.
05-07 18:14:45.106 27727  5469 D CCodec  : client requested max input size 1555200, which is smaller than what component recommended (8847360); overriding with component recommendation.
05-07 18:14:45.106 27727  5469 W CCodec  : This behavior is subject to change. It is recommended that app developers double check whether the requested max input size is in reasonable range.
05-07 18:14:45.106 27727  5469 D CCodec  : encoding statistics level = 0
05-07 18:14:45.106 27727  5469 D CCodec  : setup formats input: AMessage(what = 0x00000000) = {
05-07 18:14:45.106 27727  5469 D CCodec  :   int32_t feature-secure-playback = 0
05-07 18:14:45.106 27727  5469 D CCodec  :   int32_t frame-rate = 30
05-07 18:14:45.106 27727  5469 D CCodec  :   int32_t height = 1080
05-07 18:14:45.106 27727  5469 D CCodec  :   int32_t max-input-size = 8847360
05-07 18:14:45.106 27727  5469 D CCodec  :   string mime = "video/hevc"
05-07 18:14:45.106 27727  5469 D CCodec  :   int32_t priority = 0
05-07 18:14:45.106 27727  5469 D CCodec  :   int32_t profile = 1
05-07 18:14:45.106 27727  5469 D CCodec  :   int32_t width = 1920
05-07 18:14:45.106 27727  5469 D CCodec  :   Rect crop(0, 0, 1919, 1079)
05-07 18:14:45.106 27727  5469 D CCodec  :   int32_t level = 1024
05-07 18:14:45.106 27727  5469 D CCodec  : }
05-07 18:14:45.106 27727  5469 D CCodec  : setup formats output: AMessage(what = 0x00000000) = {
05-07 18:14:45.106 27727  5469 D CCodec  :   int32_t android._color-format = 2135033992
05-07 18:14:45.106 27727  5469 D CCodec  :   int32_t android._video-scaling = 1
05-07 18:14:45.106 27727  5469 D CCodec  :   int32_t android._dataspace = 12648448
05-07 18:14:45.106 27727  5469 D CCodec  :   int32_t color-standard = 130816
05-07 18:14:45.106 27727  5469 D CCodec  :   int32_t color-range = 0
05-07 18:14:45.106 27727  5469 D CCodec  :   int32_t color-transfer = 65791
05-07 18:14:45.106 27727  5469 D CCodec  :   int32_t sar-height = 1
05-07 18:14:45.106 27727  5469 D CCodec  :   int32_t rotation-degrees = 0
05-07 18:14:45.106 27727  5469 D CCodec  :   Buffer hdr-static-info = {
05-07 18:14:45.106 27727  5469 D CCodec  :     00000000:  00 00 00 00 00 00 00 00  00 00 00 00 00 00 00 00  ................
05-07 18:14:45.106 27727  5469 D CCodec  :     00000010:  00 00 00 00 00 00 00 00  00                       .........
05-07 18:14:45.106 27727  5469 D CCodec  :   }
05-07 18:14:45.106 27727  5469 D CCodec  :   int32_t sar-width = 1
05-07 18:14:45.106 27727  5469 D CCodec  :   Rect crop(0, 0, 1919, 1079)
05-07 18:14:45.106 27727  5469 D CCodec  :   int32_t width = 1920
05-07 18:14:45.106 27727  5469 D CCodec  :   int32_t feature-secure-playback = 0
05-07 18:14:45.106 27727  5469 D CCodec  :   int32_t frame-rate = 30
05-07 18:14:45.106 27727  5469 D CCodec  :   Buffer hdr10-plus-info = {
05-07 18:14:45.106 27727  5469 D CCodec  :   }
05-07 18:14:45.106 27727  5469 D CCodec  :   int32_t height = 1080
05-07 18:14:45.106 27727  5469 D CCodec  :   int32_t max-height = 4320
05-07 18:14:45.106 27727  5469 D CCodec  :   int32_t max-width = 8192
05-07 18:14:45.106 27727  5469 D CCodec  :   string mime = "video/raw"
05-07 18:14:45.106 27727  5469 D CCodec  :   int32_t priority = 0
05-07 18:14:45.106 27727  5469 D CCodec  :   int32_t color-format = 21
05-07 18:14:45.106 27727  5469 D CCodec  : }
05-07 18:14:45.106 27727  5469 I CCodecConfig: query failed after returning 18 values (BAD_INDEX)
05-07 18:14:45.127 27727  5469 W Codec2Client: query -- param skipped: index = 1342179345.
05-07 18:14:45.127 27727  5469 W Codec2Client: query -- param skipped: index = 2415921170.
05-07 18:14:45.127 27727  5469 W Codec2Client: query -- param skipped: index = 1610614798.
05-07 18:14:45.127 27727  5469 D CCodecBufferChannel: [c2.qti.hevc.decoder#46] Query input allocators returned 0 params => BAD_INDEX (6)
05-07 18:14:45.127 27727  5469 D C2Store : Using ION
05-07 18:14:45.128 27727  5469 D CCodecBufferChannel: [c2.qti.hevc.decoder#46] Created input block pool with allocatorID 16 => poolID 17 - OK (0)
05-07 18:14:45.129 27727  5469 D CCodecBufferChannel: [c2.qti.hevc.decoder#46] Query output allocators returned 0 params => BAD_INDEX (6)
05-07 18:14:45.129 27727  5469 D CCodecBufferChannel: [c2.qti.hevc.decoder#46] Configured output block pool ids 1 => OK
05-07 18:14:45.130 27727  5469 D CCodecBufferChannel: [c2.qti.hevc.decoder#46] start: updating output delay 9
05-07 18:14:45.167 27727  5443 I MiMediaCodec: send fps to display with mFpsFromPlayer:30.000000 state:1 id:0
05-07 18:14:45.169 27727  5469 D CCodecConfig: c2 config diff is   c2::u32 output.delay.value = 10
05-07 18:14:45.170 27727  5469 W ColorUtils: expected specified color aspects (0:0:255:255)
05-07 18:14:45.170 27727  5469 D CCodecBufferChannel: [c2.qti.hevc.decoder#46] onWorkDone: updating output delay 10
05-07 18:14:45.170 27727  5469 D Codec2-OutputBufferQueue: set max dequeue count 17 from update
05-07 18:14:45.186 27727  5469 D CCodecConfig: c2 config diff is   c2::u32 output.delay.value = 14
05-07 18:14:45.186 27727  5469 W ColorUtils: expected specified color aspects (0:0:255:255)
05-07 18:14:45.186 27727  5469 D CCodecBufferChannel: [c2.qti.hevc.decoder#46] onWorkDone: updating output delay 14
05-07 18:14:45.186 27727  5469 D Codec2-OutputBufferQueue: set max dequeue count 21 from update
05-07 18:14:45.214 27727  5469 D CCodecConfig: c2 config diff is   c2::u32 raw.color.matrix = 1
05-07 18:14:45.214 27727  5469 D CCodecConfig:   c2::u32 raw.color.primaries = 1
05-07 18:14:45.214 27727  5469 D CCodecConfig:   c2::u32 raw.color.range = 2
05-07 18:14:45.214 27727  5469 D CCodecConfig:   c2::u32 raw.color.transfer = 3
05-07 18:14:45.214 27727  5469 D CCodecConfig:   c2::u32 raw.crop.height = 1080
05-07 18:14:45.214 27727  5469 D CCodecConfig:   c2::u32 raw.crop.left = 0
05-07 18:14:45.214 27727  5469 D CCodecConfig:   c2::u32 raw.crop.top = 0
05-07 18:14:45.214 27727  5469 D CCodecConfig:   c2::u32 raw.crop.width = 1920
05-07 18:14:45.215 27727  5469 D CCodecBuffers: [c2.qti.hevc.decoder#46:2D-BB-Output] popFromStashAndRegister: at 0us, output format changed to AMessage(what = 0x00000000) = {
05-07 18:14:45.215 27727  5469 D CCodecBuffers:   int32_t android._color-format = 2135033992
05-07 18:14:45.215 27727  5469 D CCodecBuffers:   int32_t android._video-scaling = 1
05-07 18:14:45.215 27727  5469 D CCodecBuffers:   int32_t android._dataspace = 260
05-07 18:14:45.215 27727  5469 D CCodecBuffers:   int32_t color-standard = 1
05-07 18:14:45.215 27727  5469 D CCodecBuffers:   int32_t color-range = 2
05-07 18:14:45.215 27727  5469 D CCodecBuffers:   int32_t color-transfer = 3
05-07 18:14:45.215 27727  5469 D CCodecBuffers:   int32_t sar-height = 1
05-07 18:14:45.215 27727  5469 D CCodecBuffers:   int32_t rotation-degrees = 0
05-07 18:14:45.215 27727  5469 D CCodecBuffers:   Buffer hdr-static-info = {
05-07 18:14:45.215 27727  5469 D CCodecBuffers:     00000000:  00 00 00 00 00 00 00 00  00 00 00 00 00 00 00 00  ................
05-07 18:14:45.215 27727  5469 D CCodecBuffers:     00000010:  00 00 00 00 00 00 00 00  00                       .........
05-07 18:14:45.215 27727  5469 D CCodecBuffers:   }
05-07 18:14:45.215 27727  5469 D CCodecBuffers:   int32_t sar-width = 1
05-07 18:14:45.215 27727  5469 D CCodecBuffers:   Rect crop(0, 0, 1919, 1079)
05-07 18:14:45.215 27727  5469 D CCodecBuffers:   int32_t width = 1920
05-07 18:14:45.215 27727  5469 D CCodecBuffers:   int32_t feature-secure-playback = 0
05-07 18:14:45.215 27727  5469 D CCodecBuffers:   int32_t frame-rate = 30
05-07 18:14:45.215 27727  5469 D CCodecBuffers:   Buffer hdr10-plus-info = {
05-07 18:14:45.215 27727  5469 D CCodecBuffers:   }
05-07 18:14:45.215 27727  5469 D CCodecBuffers:   int32_t height = 1080
05-07 18:14:45.215 27727  5469 D CCodecBuffers:   int32_t max-height = 4320
05-07 18:14:45.215 27727  5469 D CCodecBuffers:   int32_t max-width = 8192
05-07 18:14:45.215 27727  5469 D CCodecBuffers:   string mime = "video/raw"
05-07 18:14:45.215 27727  5469 D CCodecBuffers:   int32_t priority = 0
05-07 18:14:45.215 27727  5469 D CCodecBuffers:   int32_t color-format = 21
05-07 18:14:45.215 27727  5469 D CCodecBuffers: }
05-07 18:14:45.227 27727  5469 D CCodecBuffers: [c2.qti.hevc.decoder#46:2D-BB-Output] updating image-data
05-07 18:14:45.227 27727  5469 D CCodecBuffers: [c2.qti.hevc.decoder#46:2D-BB-Output] updating stride = 1920, width: 1920, height: 1080
05-07 18:14:45.227 27727  5469 D CCodecBuffers: [c2.qti.hevc.decoder#46:2D-BB-Output] updating vstride = 1080
05-07 18:14:45.388 27727  5391 D AudioTrack: [audioTrackData][mute] 1s(f:0 m:1001 s:0 k:1001) : pid 27727 uid 10730 sessionId 14937 sr 48000 ch 2 fmt 1
05-07 18:14:45.433 27727  5469 D CCodecBuffers: [c2.qti.hevc.decoder#46:Output[N]] updating image-data
05-07 18:14:45.433 27727  5469 D CCodecBuffers: [c2.qti.hevc.decoder#46:Output[N]] updating stride = 1920, width: 1920, height: 1080
05-07 18:14:45.433 27727  5469 D CCodecBuffers: [c2.qti.hevc.decoder#46:Output[N]] updating vstride = 1080
05-07 18:14:45.438 27727  5367 I MiMediaCodec: send fps to display when stop, state:0 mLastSendedFps:30.000000 id:0
05-07 18:14:45.440 27727  5443 D CCodecBufferChannel: [c2.qti.hevc.decoder#46] MediaCodec discarded an unknown buffer
05-07 18:14:45.440 27727  5443 D CCodecBufferChannel: [c2.qti.hevc.decoder#46] MediaCodec discarded an unknown buffer
05-07 18:14:45.440 27727  5443 D CCodecBufferChannel: [c2.qti.hevc.decoder#46] MediaCodec discarded an unknown buffer
05-07 18:14:45.441 27727  5443 D CCodecBufferChannel: [c2.qti.hevc.decoder#46] MediaCodec discarded an unknown buffer
05-07 18:14:45.441 27727  5443 D CCodecBufferChannel: [c2.qti.hevc.decoder#46] MediaCodec discarded an unknown buffer
05-07 18:14:45.441 27727  5443 D CCodecBufferChannel: [c2.qti.hevc.decoder#46] MediaCodec discarded an unknown buffer
05-07 18:14:45.442 27727  5443 D CCodecBufferChannel: [c2.qti.hevc.decoder#46] MediaCodec discarded an unknown buffer
05-07 18:14:45.442 27727  5443 D CCodecBufferChannel: [c2.qti.hevc.decoder#46] MediaCodec discarded an unknown buffer
05-07 18:14:45.442 27727  5443 D CCodecBufferChannel: [c2.qti.hevc.decoder#46] MediaCodec discarded an unknown buffer
05-07 18:14:45.448 27727  5506 I hw-BpHwBinder: onLastStrongRef automatically unlinking death recipients
05-07 18:14:45.449 27727  5443 I MediaCodec: MediaStub sendHdrInfo/sendFrameRateFloatCal/updateFrcAieAisState
05-07 18:14:45.449 27727  5443 D MediaImpl: FRC switch off: valueSupport : true, valueOn : false
05-07 18:14:45.449 27727  5443 D MediaImpl: AIE switch off: valueSupport : true, valueOn : false
05-07 18:14:45.449 27727  5443 D MediaImpl: AIS switch off: valueSupport : true, valueOn : false
05-07 18:14:45.449 27727  5443 I MediaCodec: MediaStub sendVideoPlayData
05-07 18:14:45.449 27727  5443 D MediaImpl: sendVideoPlayData, start
05-07 18:14:45.449 27727  5443 D MediaImpl: MediaImpl::sendVideoPlayData::mediacodec_mime : video/hevc
05-07 18:14:45.449 27727  5443 D MediaImpl: MediaImpl::sendVideoPlayData::mediacodec_packgeName : com.YostarJP.BlueArchive
05-07 18:14:45.449 27727  5443 D MediaImpl: MediaImpl::sendVideoPlayData::mine : video/hevc
05-07 18:14:45.449 27727  5443 D MediaImpl: MediaImpl::sendVideoPlayData::packgeName : com.YostarJP.BlueArchive
05-07 18:14:45.449 27727  5443 E send_data_to_xlog: send_video_play_to_xlog, start
05-07 18:14:45.449 27727  5443 D send_data_to_xlog: send_video_play_to_xlog::mine : video/hevc
05-07 18:14:45.449 27727  5443 D send_data_to_xlog: send_video_play_to_xlog::packgeName : com.YostarJP.BlueArchive
05-07 18:14:45.449 27727  5443 V xlog_client:  xlog_send  msg_id: 13
05-07 18:14:45.449 27727  5443 V xlog_client:  xlog_send 
05-07 18:14:45.449 27727  5443 E xlog_client: xlog_open: Error in open xlog
05-07 18:14:45.449 27727  5443 E xlog_client: xlog open fail
05-07 18:14:45.451 27727  5443 D MediaCodec: flushMediametrics
05-07 18:14:45.451 27727  5443 D VideoInfo: com.YostarJP.BlueArchive destroy c2.qti.hevc.decoder in MediaCodec, input num 13 output num 2 render num 0
05-07 18:14:45.451 27727  5443 D VideoInfo: max input intervel 205ms max output intervel 197ms max render interval 0ms
05-07 18:14:45.456 27727  5367 D MediaCodecList: codecHandlesFormat: no format, so no extra checks
05-07 18:14:45.457 27727  5367 D MediaCodecList: codecHandlesFormat: no format, so no extra checks
05-07 18:14:45.457 27727  5367 D MediaCodecList: codecHandlesFormat: no format, so no extra checks
05-07 18:14:45.459 27727  5367 I MediaCodec: init video box disabled for codec not supported
05-07 18:14:45.460 27727  5508 D CCodec  : allocate(c2.qti.hevc.decoder)
05-07 18:14:45.463 27727  5508 I CCodec  : setting up 'default' as default (vendor) store
05-07 18:14:45.466 27727  5508 I CCodec  : Created component [c2.qti.hevc.decoder]
05-07 18:14:45.466 27727  5508 D CCodecConfig: read media type: video/hevc
05-07 18:14:45.467 27727  5508 D ReflectedParamUpdater: extent() != 1 for single value type: vendor.qti-ext-dec-info-misr.misr_info_top_field.misr_dpb_luma
05-07 18:14:45.467 27727  5508 D ReflectedParamUpdater: extent() != 1 for single value type: vendor.qti-ext-dec-info-misr.misr_info_top_field.misr_dpb_chroma
05-07 18:14:45.467 27727  5508 D ReflectedParamUpdater: extent() != 1 for single value type: vendor.qti-ext-dec-info-misr.misr_info_top_field.misr_opb_luma
05-07 18:14:45.467 27727  5508 D ReflectedParamUpdater: extent() != 1 for single value type: vendor.qti-ext-dec-info-misr.misr_info_top_field.misr_opb_chroma
05-07 18:14:45.467 27727  5508 D ReflectedParamUpdater: extent() != 1 for single value type: vendor.qti-ext-dec-info-misr.misr_info_bottom_field.misr_dpb_luma
05-07 18:14:45.468 27727  5508 D ReflectedParamUpdater: extent() != 1 for single value type: vendor.qti-ext-dec-info-misr.misr_info_bottom_field.misr_dpb_chroma
05-07 18:14:45.468 27727  5508 D ReflectedParamUpdater: extent() != 1 for single value type: vendor.qti-ext-dec-info-misr.misr_info_bottom_field.misr_opb_luma
05-07 18:14:45.468 27727  5508 D ReflectedParamUpdater: extent() != 1 for single value type: vendor.qti-ext-dec-info-misr.misr_info_bottom_field.misr_opb_chroma
05-07 18:14:45.469 27727  5508 D ReflectedParamUpdater: ignored struct field vendor.qti-ext-dec-panscan.window
05-07 18:14:45.473 27727  5508 D ReflectedParamUpdater: extent() != 1 for single value type: output.buffers.pool-ids.values
05-07 18:14:45.474 27727  5508 D CCodecConfig: ignoring local param raw.size (0xd2001800) as it is already supported
05-07 18:14:45.474 27727  5508 D CCodecConfig: ignoring local param default.color (0x5200180b) as it is already supported
05-07 18:14:45.474 27727  5508 D CCodecConfig: ignoring local param raw.hdr-static-info (0xd200180a) as it is already supported
05-07 18:14:45.475 27727  5508 I CCodecConfig: query failed after returning 18 values (BAD_INDEX)
05-07 18:14:45.476 27727  5508 D CCodecConfig: c2 config diff is Dict {
05-07 18:14:45.476 27727  5508 D CCodecConfig:   c2::i32 algo.priority.value = 0
05-07 18:14:45.476 27727  5508 D CCodecConfig:   c2::float algo.rate.value = 30
05-07 18:14:45.476 27727  5508 D CCodecConfig:   c2::u32 algo.secure-mode.value = 0
05-07 18:14:45.476 27727  5508 D CCodecConfig:   c2::float coded.frame-rate.value = 30
05-07 18:14:45.476 27727  5508 D CCodecConfig:   c2::u32 coded.pl.level = 0
05-07 18:14:45.476 27727  5508 D CCodecConfig:   c2::u32 coded.pl.profile = 24576
05-07 18:14:45.476 27727  5508 D CCodecConfig:   c2::u32 coded.vui.color.matrix = 255
05-07 18:14:45.476 27727  5508 D CCodecConfig:   c2::u32 coded.vui.color.primaries = 0
05-07 18:14:45.476 27727  5508 D CCodecConfig:   c2::u32 coded.vui.color.range = 0
05-07 18:14:45.476 27727  5508 D CCodecConfig:   c2::u32 coded.vui.color.transfer = 255
05-07 18:14:45.476 27727  5508 D CCodecConfig:   c2::u32 default.color.matrix = 0
05-07 18:14:45.476 27727  5508 D CCodecConfig:   c2::u32 default.color.primaries = 0
05-07 18:14:45.476 27727  5508 D CCodecConfig:   c2::u32 default.color.range = 0
05-07 18:14:45.476 27727  5508 D CCodecConfig:   c2::u32 default.color.transfer = 0
05-07 18:14:45.476 27727  5508 D CCodecConfig:   c2::u32 input.buffers.max-size.value = 8847360
05-07 18:14:45.476 27727  5508 D CCodecConfig:   c2::u32 input.delay.value = 0
05-07 18:14:45.476 27727  5508 D CCodecConfig:   string input.media-type.value = "video/hevc"
05-07 18:14:45.476 27727  5508 D CCodecConfig:   c2::u32 output.delay.value = 9
05-07 18:14:45.476 27727  5508 D CCodecConfig:   Buffer output.hdr10-plus-info.value = {
